Archive member included to satisfy reference by file (symbol)

/opt/toolchains/xpack-riscv-none-embed-gcc-8.3.0-1.2/bin/../lib/gcc/riscv-none-embed/8.3.0/rv32im/ilp32/libgcc.a(_ffssi2.o)
                              gcc//wesion/users/hlm/A311D2-2/bootloader/uboot-repo/bl30/src_ao/demos/amlogic/driver/leds//leds_state.o (__ffssi2)
/opt/toolchains/xpack-riscv-none-embed-gcc-8.3.0-1.2/bin/../lib/gcc/riscv-none-embed/8.3.0/rv32im/ilp32/libgcc.a(_clz.o)
                              /opt/toolchains/xpack-riscv-none-embed-gcc-8.3.0-1.2/bin/../lib/gcc/riscv-none-embed/8.3.0/rv32im/ilp32/libgcc.a(_ffssi2.o) (__clz_tab)
/opt/toolchains/xpack-riscv-none-embed-gcc-8.3.0-1.2/bin/../lib/gcc/riscv-none-embed/8.3.0/rv32im/ilp32/libgcc.a(_udivdi3.o)
                              gcc//wesion/users/hlm/A311D2-2/bootloader/uboot-repo/bl30/src_ao/demos/amlogic/driver/timer_source//timer_source.o (__udivdi3)

Discarded input sections

 .text          0x0000000000000000        0x0 gcc//wesion/users/hlm/A311D2-2/bootloader/uboot-repo/bl30/src_ao/demos/amlogic/driver/hdmirx/t7_common//hdmirx_wake.o
 .data          0x0000000000000000        0x0 gcc//wesion/users/hlm/A311D2-2/bootloader/uboot-repo/bl30/src_ao/demos/amlogic/driver/hdmirx/t7_common//hdmirx_wake.o
 .bss           0x0000000000000000        0x0 gcc//wesion/users/hlm/A311D2-2/bootloader/uboot-repo/bl30/src_ao/demos/amlogic/driver/hdmirx/t7_common//hdmirx_wake.o
 .text          0x0000000000000000        0x0 gcc//wesion/users/hlm/A311D2-2/bootloader/uboot-repo/bl30/src_ao/demos/amlogic/driver/i2c//i2c.o
 .data          0x0000000000000000        0x0 gcc//wesion/users/hlm/A311D2-2/bootloader/uboot-repo/bl30/src_ao/demos/amlogic/driver/i2c//i2c.o
 .bss           0x0000000000000000        0x0 gcc//wesion/users/hlm/A311D2-2/bootloader/uboot-repo/bl30/src_ao/demos/amlogic/driver/i2c//i2c.o
 .text.prvMesonI2cAddToken
                0x0000000000000000       0x66 gcc//wesion/users/hlm/A311D2-2/bootloader/uboot-repo/bl30/src_ao/demos/amlogic/driver/i2c//i2c.o
 .text.xI2cDumpRegs
                0x0000000000000000      0x12e gcc//wesion/users/hlm/A311D2-2/bootloader/uboot-repo/bl30/src_ao/demos/amlogic/driver/i2c//i2c.o
 .text.xI2cMesonXfer
                0x0000000000000000      0x3a8 gcc//wesion/users/hlm/A311D2-2/bootloader/uboot-repo/bl30/src_ao/demos/amlogic/driver/i2c//i2c.o
 .text.xI2cMesonSetBusSpeed
                0x0000000000000000       0xd6 gcc//wesion/users/hlm/A311D2-2/bootloader/uboot-repo/bl30/src_ao/demos/amlogic/driver/i2c//i2c.o
 .text.xI2cMesonRead
                0x0000000000000000       0x70 gcc//wesion/users/hlm/A311D2-2/bootloader/uboot-repo/bl30/src_ao/demos/amlogic/driver/i2c//i2c.o
 .text.xI2cMesonWrite
                0x0000000000000000       0x84 gcc//wesion/users/hlm/A311D2-2/bootloader/uboot-repo/bl30/src_ao/demos/amlogic/driver/i2c//i2c.o
 .text.xI2cMesonPortInit
                0x0000000000000000       0xce gcc//wesion/users/hlm/A311D2-2/bootloader/uboot-repo/bl30/src_ao/demos/amlogic/driver/i2c//i2c.o
 .text.xI2cSetCurrentId
                0x0000000000000000       0x26 gcc//wesion/users/hlm/A311D2-2/bootloader/uboot-repo/bl30/src_ao/demos/amlogic/driver/i2c//i2c.o
 .bss.i2cs      0x0000000000000000      0x180 gcc//wesion/users/hlm/A311D2-2/bootloader/uboot-repo/bl30/src_ao/demos/amlogic/driver/i2c//i2c.o
 .data.A1I2cData
                0x0000000000000000       0x80 gcc//wesion/users/hlm/A311D2-2/bootloader/uboot-repo/bl30/src_ao/demos/amlogic/driver/i2c//i2c.o
 .data.AxgI2cData
                0x0000000000000000       0xa0 gcc//wesion/users/hlm/A311D2-2/bootloader/uboot-repo/bl30/src_ao/demos/amlogic/driver/i2c//i2c.o
 .data.C1I2cData
                0x0000000000000000       0xa0 gcc//wesion/users/hlm/A311D2-2/bootloader/uboot-repo/bl30/src_ao/demos/amlogic/driver/i2c//i2c.o
 .rodata.xI2cDumpRegs.str1.4
                0x0000000000000000       0x17 gcc//wesion/users/hlm/A311D2-2/bootloader/uboot-repo/bl30/src_ao/demos/amlogic/driver/i2c//i2c.o
 .rodata.xI2cMesonRead.str1.4
                0x0000000000000000       0x2a gcc//wesion/users/hlm/A311D2-2/bootloader/uboot-repo/bl30/src_ao/demos/amlogic/driver/i2c//i2c.o
 .rodata.xI2cMesonSetBusSpeed.str1.4
                0x0000000000000000       0x2c gcc//wesion/users/hlm/A311D2-2/bootloader/uboot-repo/bl30/src_ao/demos/amlogic/driver/i2c//i2c.o
 .rodata.xI2cMesonWrite.str1.4
                0x0000000000000000       0x1b gcc//wesion/users/hlm/A311D2-2/bootloader/uboot-repo/bl30/src_ao/demos/amlogic/driver/i2c//i2c.o
 .rodata.xI2cMesonXfer.str1.4
                0x0000000000000000       0x43 gcc//wesion/users/hlm/A311D2-2/bootloader/uboot-repo/bl30/src_ao/demos/amlogic/driver/i2c//i2c.o
 .sbss.current_id
                0x0000000000000000        0x4 gcc//wesion/users/hlm/A311D2-2/bootloader/uboot-repo/bl30/src_ao/demos/amlogic/driver/i2c//i2c.o
 .sbss.plat     0x0000000000000000        0x4 gcc//wesion/users/hlm/A311D2-2/bootloader/uboot-repo/bl30/src_ao/demos/amlogic/driver/i2c//i2c.o
[...]
Memory Configuration

Name             Origin             Length             Attributes
ram              0x00000000f71ef000 0x0000000000010000 rw
*default*        0x0000000000000000 0xffffffffffffffff

Linker script and memory map

LOAD gcc//wesion/users/hlm/A311D2-2/bootloader/uboot-repo/bl30/src_ao/demos/amlogic/driver/hdmirx/t7_common//hdmirx_wake.o
LOAD gcc//wesion/users/hlm/A311D2-2/bootloader/uboot-repo/bl30/src_ao/demos/amlogic/driver/i2c//i2c.o
LOAD gcc//wesion/users/hlm/A311D2-2/bootloader/uboot-repo/bl30/src_ao/demos/amlogic/driver/i2c//t7_plat.o
LOAD gcc//wesion/users/hlm/A311D2-2/bootloader/uboot-repo/bl30/src_ao/demos/amlogic/driver/mailbox//mailbox-htbl.o
LOAD gcc//wesion/users/hlm/A311D2-2/bootloader/uboot-repo/bl30/src_ao/demos/amlogic/driver/mailbox//mailbox-irq.o
LOAD gcc//wesion/users/hlm/A311D2-2/bootloader/uboot-repo/bl30/src_ao/demos/amlogic/driver/mailbox//mailbox.o
LOAD gcc//wesion/users/hlm/A311D2-2/bootloader/uboot-repo/bl30/src_ao/demos/amlogic/driver/mailbox//rpc-user.o
LOAD gcc//wesion/users/hlm/A311D2-2/bootloader/uboot-repo/bl30/src_ao/demos/amlogic/driver/uart//uart.o
LOAD gcc//wesion/users/hlm/A311D2-2/bootloader/uboot-repo/bl30/src_ao/demos/amlogic/driver/pwm//pwm_meson_v2.o
LOAD gcc//wesion/users/hlm/A311D2-2/bootloader/uboot-repo/bl30/src_ao/demos/amlogic/driver/pwm//pwm_t7_plat.o
LOAD gcc//wesion/users/hlm/A311D2-2/bootloader/uboot-repo/bl30/src_ao/demos/amlogic/driver/timer_source//timer_source.o
LOAD gcc//wesion/users/hlm/A311D2-2/bootloader/uboot-repo/bl30/src_ao/demos/amlogic/driver/saradc//saradc.o
LOAD gcc//wesion/users/hlm/A311D2-2/bootloader/uboot-repo/bl30/src_ao/demos/amlogic/driver/leds//leds_state.o
LOAD gcc//wesion/users/hlm/A311D2-2/bootloader/uboot-repo/bl30/src_ao/demos/amlogic/driver/leds//leds_t7_plat.o
LOAD gcc//wesion/users/hlm/A311D2-2/bootloader/uboot-repo/bl30/src_ao/demos/amlogic/driver/eth//eth.o
LOAD gcc//wesion/users/hlm/A311D2-2/bootloader/uboot-repo/bl30/src_ao/demos/amlogic/driver/cec//hdmi_cec.o
LOAD gcc//wesion/users/hlm/A311D2-2/bootloader/uboot-repo/bl30/src_ao/demos/amlogic/driver/vrtc//vrtc.o
LOAD gcc//wesion/users/hlm/A311D2-2/bootloader/uboot-repo/bl30/src_ao/demos/amlogic/driver/key//adc_key.o
LOAD gcc//wesion/users/hlm/A311D2-2/bootloader/uboot-repo/bl30/src_ao/demos/amlogic/driver/key//dynamic_keypad.o
LOAD gcc//wesion/users/hlm/A311D2-2/bootloader/uboot-repo/bl30/src_ao/demos/amlogic/driver/key//gpio_key.o
LOAD gcc//wesion/users/hlm/A311D2-2/bootloader/uboot-repo/bl30/src_ao/demos/amlogic/driver/gpio//gpio.o
LOAD gcc//wesion/users/hlm/A311D2-2/bootloader/uboot-repo/bl30/src_ao/demos/amlogic/driver/gpio//gpio_irq.o
LOAD gcc//wesion/users/hlm/A311D2-2/bootloader/uboot-repo/bl30/src_ao/demos/amlogic/driver/gpio//gpio_t7_plat.o
LOAD gcc//wesion/users/hlm/A311D2-2/bootloader/uboot-repo/bl30/src_ao/demos/amlogic/driver/ir//ir.o
LOAD gcc//wesion/users/hlm/A311D2-2/bootloader/uboot-repo/bl30/src_ao/demos/amlogic/driver/ir//ir_regmap.o
LOAD gcc//wesion/users/hlm/A311D2-2/bootloader/uboot-repo/bl30/src_ao/demos/amlogic/driver/get_version//version.o
LOAD gcc//wesion/users/hlm/A311D2-2/bootloader/uboot-repo/bl30/src_ao/demos/amlogic/driver/str//suspend.o
LOAD gcc/main.o
LOAD gcc/power.o
LOAD gcc/list.o
LOAD gcc/queue.o
LOAD gcc/tasks.o
LOAD gcc/timers.o
LOAD gcc/port.o
LOAD gcc/portasm.o
LOAD gcc/heap_5.o
LOAD gcc/n200_func.o
LOAD gcc/handlers.o
LOAD gcc/interrupt_control.o
LOAD gcc/util.o
LOAD gcc/myprintf.o
LOAD gcc/start.o
LOAD gcc/vtable.o
LOAD gcc/keypad.o
LOAD gcc/btwake.o
LOAD /opt/toolchains/xpack-riscv-none-embed-gcc-8.3.0-1.2/bin/../lib/gcc/riscv-none-embed/8.3.0/rv32im/ilp32/libgcc.a
                0x0000000000000800                __stack_size = DEFINED (__stack_size)?__stack_size:0x800

.text           0x00000000f71ef000     0x192c
 *(.vtable)
 .vtable        0x00000000f71ef000       0xcc gcc/vtable.o
                0x00000000f71ef000                vector_base
                0x00000000f71ef0cc                . = ALIGN (0x4)
 *(.text)
 *(.rodata*)
 .rodata.__func__.2583
                0x00000000f71ef0cc       0x11 gcc//wesion/users/hlm/A311D2-2/bootloader/uboot-repo/bl30/src_ao/demos/amlogic/driver/hdmirx/t7_common//hdmirx_wake.o
 *fill*         0x00000000f71ef0dd        0x3 
 .rodata.__func__.2587
                0x00000000f71ef0e0       0x17 gcc//wesion/users/hlm/A311D2-2/bootloader/uboot-repo/bl30/src_ao/demos/amlogic/driver/hdmirx/t7_common//hdmirx_wake.o
 *fill*         0x00000000f71ef0f7        0x1 
 .rodata.hdmirx_GpioIRQRegister.str1.4
                0x00000000f71ef0f8       0x2a gcc//wesion/users/hlm/A311D2-2/bootloader/uboot-repo/bl30/src_ao/demos/amlogic/driver/hdmirx/t7_common//hdmirx_wake.o
 *fill*         0x00000000f71ef122        0x2 
 .rodata.hdmirx_IRQHandle.str1.4
                0x00000000f71ef124       0x2c gcc//wesion/users/hlm/A311D2-2/bootloader/uboot-repo/bl30/src_ao/demos/amlogic/driver/hdmirx/t7_common//hdmirx_wake.o
 .rodata.mailbox_htbl_invokeCmd.str1.4
                0x00000000f71ef150       0x17 gcc//wesion/users/hlm/A311D2-2/bootloader/uboot-repo/bl30/src_ao/demos/amlogic/driver/mailbox//mailbox-htbl.o
 *fill*         0x00000000f71ef167        0x1 
 .rodata.mailbox_htbl_reg.str1.4
                0x00000000f71ef168       0x4a gcc//wesion/users/hlm/A311D2-2/bootloader/uboot-repo/bl30/src_ao/demos/amlogic/driver/mailbox//mailbox-htbl.o
 *fill*         0x00000000f71ef1b2        0x2 
 .rodata.mailbox_htbl_reg_feedback.str1.4
                0x00000000f71ef1b4       0x20 gcc//wesion/users/hlm/A311D2-2/bootloader/uboot-repo/bl30/src_ao/demos/amlogic/driver/mailbox//mailbox-htbl.o
 .rodata.vAoRevMbHandler.str1.4
                0x00000000f71ef1d4       0x67 gcc//wesion/users/hlm/A311D2-2/bootloader/uboot-repo/bl30/src_ao/demos/amlogic/driver/mailbox//mailbox.o
 *fill*         0x00000000f71ef23b        0x1 
 .rodata.vMbHandleIsr.str1.4
                0x00000000f71ef23c       0x1e gcc//wesion/users/hlm/A311D2-2/bootloader/uboot-repo/bl30/src_ao/demos/amlogic/driver/mailbox//mailbox.o
 *fill*         0x00000000f71ef25a        0x2 
 .rodata.vMbInit.str1.4
                0x00000000f71ef25c       0x64 gcc//wesion/users/hlm/A311D2-2/bootloader/uboot-repo/bl30/src_ao/demos/amlogic/driver/mailbox//mailbox.o
 .rodata.xGetRevMbox.part.0.str1.4
                0x00000000f71ef2c0       0x77 gcc//wesion/users/hlm/A311D2-2/bootloader/uboot-repo/bl30/src_ao/demos/amlogic/driver/mailbox//mailbox.o
 *fill*         0x00000000f71ef337        0x1 
 .rodata.xInstallRemoteMessageCallbackFeedBack.str1.4
                0x00000000f71ef338       0x65 gcc//wesion/users/hlm/A311D2-2/bootloader/uboot-repo/bl30/src_ao/demos/amlogic/driver/mailbox//mailbox.o
 *fill*         0x00000000f71ef39d        0x3 
 .rodata        0x00000000f71ef3a0       0x14 gcc//wesion/users/hlm/A311D2-2/bootloader/uboot-repo/bl30/src_ao/demos/amlogic/driver/mailbox//rpc-user.o
 .rodata.vRpcUserCmdInit.str1.4
                0x00000000f71ef3b4       0x23 gcc//wesion/users/hlm/A311D2-2/bootloader/uboot-repo/bl30/src_ao/demos/amlogic/driver/mailbox//rpc-user.o
 *fill*         0x00000000f71ef3d7        0x1 
 .rodata.xMboxUintReeTestCase.str1.4
                0x00000000f71ef3d8       0x27 gcc//wesion/users/hlm/A311D2-2/bootloader/uboot-repo/bl30/src_ao/demos/amlogic/driver/mailbox//rpc-user.o
 *fill*         0x00000000f71ef3ff        0x1 
 .rodata.xMboxUintTeeTestCase.str1.4
                0x00000000f71ef400       0x14 gcc//wesion/users/hlm/A311D2-2/bootloader/uboot-repo/bl30/src_ao/demos/amlogic/driver/mailbox//rpc-user.o
                                         0x1c (size before relaxing)
 .rodata        0x00000000f71ef414       0x24 gcc//wesion/users/hlm/A311D2-2/bootloader/uboot-repo/bl30/src_ao/demos/amlogic/driver/cec//hdmi_cec.o
 .rodata.__func__.3301
                0x00000000f71ef438        0x9 gcc//wesion/users/hlm/A311D2-2/bootloader/uboot-repo/bl30/src_ao/demos/amlogic/driver/cec//hdmi_cec.o
 *fill*         0x00000000f71ef441        0x3 
 .rodata.__func__.3362
                0x00000000f71ef444       0x19 gcc//wesion/users/hlm/A311D2-2/bootloader/uboot-repo/bl30/src_ao/demos/amlogic/driver/cec//hdmi_cec.o
 *fill*         0x00000000f71ef45d        0x3 
 .rodata.__func__.3367
                0x00000000f71ef460       0x15 gcc//wesion/users/hlm/A311D2-2/bootloader/uboot-repo/bl30/src_ao/demos/amlogic/driver/cec//hdmi_cec.o
 *fill*         0x00000000f71ef475        0x3 
 .rodata.__func__.3372
                0x00000000f71ef478       0x15 gcc//wesion/users/hlm/A311D2-2/bootloader/uboot-repo/bl30/src_ao/demos/amlogic/driver/cec//hdmi_cec.o
 *fill*         0x00000000f71ef48d        0x3 
 .rodata.__func__.3384
                0x00000000f71ef490       0x10 gcc//wesion/users/hlm/A311D2-2/bootloader/uboot-repo/bl30/src_ao/demos/amlogic/driver/cec//hdmi_cec.o
 .rodata.__func__.3480
                0x00000000f71ef4a0       0x13 gcc//wesion/users/hlm/A311D2-2/bootloader/uboot-repo/bl30/src_ao/demos/amlogic/driver/cec//hdmi_cec.o
 *fill*         0x00000000f71ef4b3        0x1 
 .rodata.__func__.3491
                0x00000000f71ef4b4       0x13 gcc//wesion/users/hlm/A311D2-2/bootloader/uboot-repo/bl30/src_ao/demos/amlogic/driver/cec//hdmi_cec.o
 *fill*         0x00000000f71ef4c7        0x1 
 .rodata.__func__.3520
                0x00000000f71ef4c8       0x14 gcc//wesion/users/hlm/A311D2-2/bootloader/uboot-repo/bl30/src_ao/demos/amlogic/driver/cec//hdmi_cec.o
 .rodata.__func__.3526
                0x00000000f71ef4dc       0x13 gcc//wesion/users/hlm/A311D2-2/bootloader/uboot-repo/bl30/src_ao/demos/amlogic/driver/cec//hdmi_cec.o
 *fill*         0x00000000f71ef4ef        0x1 
 .rodata.__func__.3684
                0x00000000f71ef4f0        0xa gcc//wesion/users/hlm/A311D2-2/bootloader/uboot-repo/bl30/src_ao/demos/amlogic/driver/cec//hdmi_cec.o
 *fill*         0x00000000f71ef4fa        0x2 
 .rodata.addr_map.3506
                0x00000000f71ef4fc        0xf gcc//wesion/users/hlm/A311D2-2/bootloader/uboot-repo/bl30/src_ao/demos/amlogic/driver/cec//hdmi_cec.o
 *fill*         0x00000000f71ef50b        0x1 
 .rodata.cec_get_wakeup_info2.str1.4
                0x00000000f71ef50c       0x11 gcc//wesion/users/hlm/A311D2-2/bootloader/uboot-repo/bl30/src_ao/demos/amlogic/driver/cec//hdmi_cec.o
 *fill*         0x00000000f71ef51d        0x3 
 .rodata.cec_init_config.str1.4
                0x00000000f71ef520       0x43 gcc//wesion/users/hlm/A311D2-2/bootloader/uboot-repo/bl30/src_ao/demos/amlogic/driver/cec//hdmi_cec.o
                                         0x47 (size before relaxing)
 *fill*         0x00000000f71ef563        0x1 
 .rodata.cec_queue_tx_msg.str1.4
                0x00000000f71ef564       0x1b gcc//wesion/users/hlm/A311D2-2/bootloader/uboot-repo/bl30/src_ao/demos/amlogic/driver/cec//hdmi_cec.o
 *fill*         0x00000000f71ef57f        0x1 
 .rodata.cec_save_port_id.str1.4
                0x00000000f71ef580       0x2a gcc//wesion/users/hlm/A311D2-2/bootloader/uboot-repo/bl30/src_ao/demos/amlogic/driver/cec//hdmi_cec.o
 *fill*         0x00000000f71ef5aa        0x2 
 .rodata.cec_set_wk_msg.part.7.constprop.11.str1.4
                0x00000000f71ef5ac       0x17 gcc//wesion/users/hlm/A311D2-2/bootloader/uboot-repo/bl30/src_ao/demos/amlogic/driver/cec//hdmi_cec.o
 *fill*         0x00000000f71ef5c3        0x1 
 .rodata.cec_suspend_handle.str1.4
                0x00000000f71ef5c4      0x325 gcc//wesion/users/hlm/A311D2-2/bootloader/uboot-repo/bl30/src_ao/demos/amlogic/driver/cec//hdmi_cec.o
                                        0x32d (size before relaxing)
 *fill*         0x00000000f71ef8e9        0x3 
 .rodata.cec_triggle_tx.str1.4
                0x00000000f71ef8ec       0x6f gcc//wesion/users/hlm/A311D2-2/bootloader/uboot-repo/bl30/src_ao/demos/amlogic/driver/cec//hdmi_cec.o
 *fill*         0x00000000f71ef95b        0x1 
 .rodata.cec_update_config_data.str1.4
                0x00000000f71ef95c       0x46 gcc//wesion/users/hlm/A311D2-2/bootloader/uboot-repo/bl30/src_ao/demos/amlogic/driver/cec//hdmi_cec.o
                                         0x4a (size before relaxing)
 *fill*         0x00000000f71ef9a2        0x2 
 .rodata.ceca_hw_reset.str1.4
                0x00000000f71ef9a4       0x27 gcc//wesion/users/hlm/A311D2-2/bootloader/uboot-repo/bl30/src_ao/demos/amlogic/driver/cec//hdmi_cec.o
 *fill*         0x00000000f71ef9cb        0x1 
 .rodata.cecb_rd_reg.str1.4
                0x00000000f71ef9cc       0x16 gcc//wesion/users/hlm/A311D2-2/bootloader/uboot-repo/bl30/src_ao/demos/amlogic/driver/cec//hdmi_cec.o
 *fill*         0x00000000f71ef9e2        0x2 
 .rodata.cecb_wr_reg.str1.4
                0x00000000f71ef9e4       0x16 gcc//wesion/users/hlm/A311D2-2/bootloader/uboot-repo/bl30/src_ao/demos/amlogic/driver/cec//hdmi_cec.o
 *fill*         0x00000000f71ef9fa        0x2 
 .rodata.read_ao.part.3.str1.4
                0x00000000f71ef9fc       0x10 gcc//wesion/users/hlm/A311D2-2/bootloader/uboot-repo/bl30/src_ao/demos/amlogic/driver/cec//hdmi_cec.o
 .rodata.vCEC_task.str1.4
                0x00000000f71efa0c       0x1b gcc//wesion/users/hlm/A311D2-2/bootloader/uboot-repo/bl30/src_ao/demos/amlogic/driver/cec//hdmi_cec.o
 *fill*         0x00000000f71efa27        0x1 
 .rodata.vCecCallbackInit.str1.4
                0x00000000f71efa28       0x1d gcc//wesion/users/hlm/A311D2-2/bootloader/uboot-repo/bl30/src_ao/demos/amlogic/driver/cec//hdmi_cec.o
 *fill*         0x00000000f71efa45        0x3 
 .rodata.write_ao.part.4.str1.4
                0x00000000f71efa48        0xf gcc//wesion/users/hlm/A311D2-2/bootloader/uboot-repo/bl30/src_ao/demos/amlogic/driver/cec//hdmi_cec.o
 *fill*         0x00000000f71efa57        0x1 
 .rodata.alarm_set.str1.4
                0x00000000f71efa58       0x10 gcc//wesion/users/hlm/A311D2-2/bootloader/uboot-repo/bl30/src_ao/demos/amlogic/driver/vrtc//vrtc.o
 .rodata.vCreat_alarm_timer.str1.4
                0x00000000f71efa68       0x10 gcc//wesion/users/hlm/A311D2-2/bootloader/uboot-repo/bl30/src_ao/demos/amlogic/driver/vrtc//vrtc.o
                                          0x6 (size before relaxing)
 .rodata.vRtcInit.str1.4
                0x00000000f71efa68       0x23 gcc//wesion/users/hlm/A311D2-2/bootloader/uboot-repo/bl30/src_ao/demos/amlogic/driver/vrtc//vrtc.o
 .rodata.valarm_update.str1.4
                0x00000000f71efa68        0xd gcc//wesion/users/hlm/A311D2-2/bootloader/uboot-repo/bl30/src_ao/demos/amlogic/driver/vrtc//vrtc.o
 *fill*         0x00000000f71efa75        0x3 
 .rodata.xMboxGetRTC.str1.4
                0x00000000f71efa78       0x1c gcc//wesion/users/hlm/A311D2-2/bootloader/uboot-repo/bl30/src_ao/demos/amlogic/driver/vrtc//vrtc.o
 .rodata.xMboxSetRTC.str1.4
                0x00000000f71efa94       0x24 gcc//wesion/users/hlm/A311D2-2/bootloader/uboot-repo/bl30/src_ao/demos/amlogic/driver/vrtc//vrtc.o
 .rodata.vCreateGpioKey.str1.4
                0x00000000f71efab8       0x67 gcc//wesion/users/hlm/A311D2-2/bootloader/uboot-repo/bl30/src_ao/demos/amlogic/driver/key//gpio_key.o
 *fill*         0x00000000f71efb1f        0x1 
 .rodata.vDestoryGpioKey.str1.4
                0x00000000f71efb20       0x1c gcc//wesion/users/hlm/A311D2-2/bootloader/uboot-repo/bl30/src_ao/demos/amlogic/driver/key//gpio_key.o
 .rodata.xGpioSetDir.str1.4
                0x00000000f71efb3c       0x2b gcc//wesion/users/hlm/A311D2-2/bootloader/uboot-repo/bl30/src_ao/demos/amlogic/driver/gpio//gpio.o
 *fill*         0x00000000f71efb67        0x1 
 .rodata.xGpioSetValue.str1.4
                0x00000000f71efb68       0x2e gcc//wesion/users/hlm/A311D2-2/bootloader/uboot-repo/bl30/src_ao/demos/amlogic/driver/gpio//gpio.o
 *fill*         0x00000000f71efb96        0x2 
 .rodata.xPinmuxSet.str1.4
                0x00000000f71efb98       0x27 gcc//wesion/users/hlm/A311D2-2/bootloader/uboot-repo/bl30/src_ao/demos/amlogic/driver/gpio//gpio.o
 *fill*         0x00000000f71efbbf        0x1 
 .rodata.xRequestGpioIRQ.str1.4
                0x00000000f71efbc0       0xb6 gcc//wesion/users/hlm/A311D2-2/bootloader/uboot-repo/bl30/src_ao/demos/amlogic/driver/gpio//gpio_irq.o
 *fill*         0x00000000f71efc76        0x2 
 .rodata.eeDomain
                0x00000000f71efc78       0x18 gcc//wesion/users/hlm/A311D2-2/bootloader/uboot-repo/bl30/src_ao/demos/amlogic/driver/gpio//gpio_t7_plat.o
 .rodata.gpioBanks
                0x00000000f71efc90      0x120 gcc//wesion/users/hlm/A311D2-2/bootloader/uboot-repo/bl30/src_ao/demos/amlogic/driver/gpio//gpio_t7_plat.o
 .rodata.irqBanks
                0x00000000f71efdb0       0x90 gcc//wesion/users/hlm/A311D2-2/bootloader/uboot-repo/bl30/src_ao/demos/amlogic/driver/gpio//gpio_t7_plat.o
 .rodata.str1.4
                0x00000000f71efe40       0x37 gcc//wesion/users/hlm/A311D2-2/bootloader/uboot-repo/bl30/src_ao/demos/amlogic/driver/gpio//gpio_t7_plat.o
 *fill*         0x00000000f71efe77        0x1 
 .rodata.__func__.3065
                0x00000000f71efe78        0xf gcc//wesion/users/hlm/A311D2-2/bootloader/uboot-repo/bl30/src_ao/demos/amlogic/driver/ir//ir.o
 *fill*         0x00000000f71efe87        0x1 
 .rodata.__func__.3093
                0x00000000f71efe88       0x14 gcc//wesion/users/hlm/A311D2-2/bootloader/uboot-repo/bl30/src_ao/demos/amlogic/driver/ir//ir.o
 .rodata.vIRInit.str1.4
                0x00000000f71efe9c       0x7c gcc//wesion/users/hlm/A311D2-2/bootloader/uboot-repo/bl30/src_ao/demos/amlogic/driver/ir//ir.o
 .rodata.vIRIntteruptHandler.str1.4
                0x00000000f71eff18       0x42 gcc//wesion/users/hlm/A311D2-2/bootloader/uboot-repo/bl30/src_ao/demos/amlogic/driver/ir//ir.o
 *fill*         0x00000000f71eff5a        0x2 
 .rodata.vSetIRWorkMode.str1.4
                0x00000000f71eff5c       0x36 gcc//wesion/users/hlm/A311D2-2/bootloader/uboot-repo/bl30/src_ao/demos/amlogic/driver/ir//ir.o
 *fill*         0x00000000f71eff92        0x2 
 .rodata.version.str1.4
                0x00000000f71eff94       0x5e gcc//wesion/users/hlm/A311D2-2/bootloader/uboot-repo/bl30/src_ao/demos/amlogic/driver/get_version//version.o
 *fill*         0x00000000f71efff2        0x2 
 .rodata.vSTRTask
                0x00000000f71efff4       0x3c gcc//wesion/users/hlm/A311D2-2/bootloader/uboot-repo/bl30/src_ao/demos/amlogic/driver/str//suspend.o
 .rodata.create_str_task.str1.4
                0x00000000f71f0030       0x24 gcc//wesion/users/hlm/A311D2-2/bootloader/uboot-repo/bl30/src_ao/demos/amlogic/driver/str//suspend.o
                                         0x41 (size before relaxing)
 .rodata.str1.4
                0x00000000f71f0054       0x72 gcc//wesion/users/hlm/A311D2-2/bootloader/uboot-repo/bl30/src_ao/demos/amlogic/driver/str//suspend.o
 *fill*         0x00000000f71f00c6        0x2 
 .rodata.vSTRTask.str1.4
                0x00000000f71f00c8       0x78 gcc//wesion/users/hlm/A311D2-2/bootloader/uboot-repo/bl30/src_ao/demos/amlogic/driver/str//suspend.o
                                         0x88 (size before relaxing)
 .rodata.xMboxGetStickRebootFlag.str1.4
                0x00000000f71f0140       0x1e gcc//wesion/users/hlm/A311D2-2/bootloader/uboot-repo/bl30/src_ao/demos/amlogic/driver/str//suspend.o
 *fill*         0x00000000f71f015e        0x2 
 .rodata.xMboxSuspend_Sem.str1.4
                0x00000000f71f0160       0x11 gcc//wesion/users/hlm/A311D2-2/bootloader/uboot-repo/bl30/src_ao/demos/amlogic/driver/str//suspend.o
 *fill*         0x00000000f71f0171        0x3 
 .rodata.main.str1.4
                0x00000000f71f0174       0x7a gcc/main.o
                                         0x82 (size before relaxing)
 *fill*         0x00000000f71f01ee        0x2 
 .rodata.vApplicationMallocFailedHook.str1.4
                0x00000000f71f01f0       0x1e gcc/main.o
 *fill*         0x00000000f71f020e        0x2 
 .rodata.vApplicationStackOverflowHook.str1.4
                0x00000000f71f0210       0x1f gcc/main.o
 *fill*         0x00000000f71f022f        0x1 
 .rodata.str_hw_init.str1.4
                0x00000000f71f0230        0x8 gcc/power.o
 .rodata.str_power_off.str1.4
                0x00000000f71f0238       0x1c gcc/power.o
 .rodata.str_power_on.str1.4
                0x00000000f71f0254       0xc4 gcc/power.o
 .rodata.xQueueGenericReset.str1.4
                0x00000000f71f0318       0x24 gcc/queue.o
                                         0x33 (size before relaxing)
 .rodata.vTaskDelete.str1.4
                0x00000000f71f033c       0x24 gcc/tasks.o
                                         0x33 (size before relaxing)
 .rodata.vTaskDumpStack.str1.4
                0x00000000f71f0360       0x1e gcc/tasks.o
                                         0x22 (size before relaxing)
 *fill*         0x00000000f71f037e        0x2 
 .rodata.vTaskStartScheduler.str1.4
                0x00000000f71f0380        0x5 gcc/tasks.o
 *fill*         0x00000000f71f0385        0x3 
 .rodata.prvCheckForValidListAndQueue.str1.4
                0x00000000f71f0388        0x5 gcc/timers.o
 *fill*         0x00000000f71f038d        0x3 
 .rodata.xTimerCreateTimerTask.str1.4
                0x00000000f71f0390       0x30 gcc/timers.o
                                         0x40 (size before relaxing)
 .rodata.prvTaskExitError.str1.4
                0x00000000f71f03c0       0x4e gcc/port.o
                                         0x5e (size before relaxing)
 *fill*         0x00000000f71f040e        0x2 
 .rodata.ulSynchTrap.str1.4
                0x00000000f71f0410      0x1c6 gcc/port.o
 *fill*         0x00000000f71f05d6        0x2 
 .rodata.vPortFree.str1.4
                0x00000000f71f05d8       0x36 gcc/heap_5.o
                                         0x47 (size before relaxing)
 *fill*         0x00000000f71f060e        0x2 
 .rodata.RegisterIrq.str1.4
                0x00000000f71f0610       0x12 gcc/interrupt_control.o
 *fill*         0x00000000f71f0622        0x2 
 .rodata.UnRegisterIrq.str1.4
                0x00000000f71f0624       0x23 gcc/interrupt_control.o
 *fill*         0x00000000f71f0647        0x1 
 .rodata.eclic_map_interrupt.str1.4
                0x00000000f71f0648       0x1f gcc/interrupt_control.o
 *fill*         0x00000000f71f0667        0x1 
 .rodata.int_src_sel.str1.4
                0x00000000f71f0668       0x1c gcc/interrupt_control.o
 .rodata.vfnprintf
                0x00000000f71f0684      0x128 gcc/myprintf.o
 .rodata.vGpioKeyCallBack.str1.4
                0x00000000f71f07ac       0x34 gcc/keypad.o
 .rodata.Bt_GpioIRQRegister.str1.4
                0x00000000f71f07e0        0x7 gcc/btwake.o
 *fill*         0x00000000f71f07e7        0x1 
 .rodata.Bt_IRQHandle.str1.4
                0x00000000f71f07e8       0x20 gcc/btwake.o
 .rodata.__func__.2583
                0x00000000f71f0808        0xd gcc/btwake.o
 *fill*         0x00000000f71f0815        0x3 
 .rodata.__func__.2587
                0x00000000f71f0818       0x13 gcc/btwake.o
 *fill*         0x00000000f71f082b        0x1 
 .rodata.__clz_tab
                0x00000000f71f082c      0x100 /opt/toolchains/xpack-riscv-none-embed-gcc-8.3.0-1.2/bin/../lib/gcc/riscv-none-embed/8.3.0/rv32im/ilp32/libgcc.a(_clz.o)
                0x00000000f71f082c                __clz_tab
                0x00000000f71f092c                _etext = .

.sdata2.__func__.3307
                0x00000000f71f092c        0x8
 .sdata2.__func__.3307
                0x00000000f71f092c        0x8 gcc//wesion/users/hlm/A311D2-2/bootloader/uboot-repo/bl30/src_ao/demos/amlogic/driver/cec//hdmi_cec.o

.sdata2.__func__.3108
                0x00000000f71f0934        0x8
 .sdata2.__func__.3108
                0x00000000f71f0934        0x8 gcc//wesion/users/hlm/A311D2-2/bootloader/uboot-repo/bl30/src_ao/demos/amlogic/driver/ir//ir.o

.sdata2.error_str
                0x00000000f71f093c        0x6
 .sdata2.error_str
                0x00000000f71f093c        0x6 gcc/myprintf.o

.text.hdmirx_IRQHandle
                0x00000000f71f0942       0x92
 .text.hdmirx_IRQHandle
                0x00000000f71f0942       0x92 gcc//wesion/users/hlm/A311D2-2/bootloader/uboot-repo/bl30/src_ao/demos/amlogic/driver/hdmirx/t7_common//hdmirx_wake.o

.text.hdmirx_GpioIRQRegister
                0x00000000f71f09d4       0xb8
 .text.hdmirx_GpioIRQRegister
                0x00000000f71f09d4       0xb8 gcc//wesion/users/hlm/A311D2-2/bootloader/uboot-repo/bl30/src_ao/demos/amlogic/driver/hdmirx/t7_common//hdmirx_wake.o
                0x00000000f71f09d4                hdmirx_GpioIRQRegister

.text.hdmirx_GpioIRQFree
                0x00000000f71f0a8c       0x3e
 .text.hdmirx_GpioIRQFree
                0x00000000f71f0a8c       0x3e gcc//wesion/users/hlm/A311D2-2/bootloader/uboot-repo/bl30/src_ao/demos/amlogic/driver/hdmirx/t7_common//hdmirx_wake.o
                0x00000000f71f0a8c                hdmirx_GpioIRQFree

.text.mailbox_htbl_init
                0x00000000f71f0aca       0x3a
 .text.mailbox_htbl_init
                0x00000000f71f0aca       0x3a gcc//wesion/users/hlm/A311D2-2/bootloader/uboot-repo/bl30/src_ao/demos/amlogic/driver/mailbox//mailbox-htbl.o
                0x00000000f71f0aca                mailbox_htbl_init

.text.mailbox_htbl_reg_feedback
                0x00000000f71f0b04       0x5c
 .text.mailbox_htbl_reg_feedback
                0x00000000f71f0b04       0x5c gcc//wesion/users/hlm/A311D2-2/bootloader/uboot-repo/bl30/src_ao/demos/amlogic/driver/mailbox//mailbox-htbl.o
                0x00000000f71f0b04                mailbox_htbl_reg_feedback

.text.mailbox_htbl_invokeCmd
                0x00000000f71f0b60       0x5e
 .text.mailbox_htbl_invokeCmd
                0x00000000f71f0b60       0x5e gcc//wesion/users/hlm/A311D2-2/bootloader/uboot-repo/bl30/src_ao/demos/amlogic/driver/mailbox//mailbox-htbl.o
                0x00000000f71f0b60                mailbox_htbl_invokeCmd

.text.vMbDefaultHandler
                0x00000000f71f0bbe        0x2
 .text.vMbDefaultHandler
                0x00000000f71f0bbe        0x2 gcc//wesion/users/hlm/A311D2-2/bootloader/uboot-repo/bl30/src_ao/demos/amlogic/driver/mailbox//mailbox-irq.o
                0x00000000f71f0bbe                vMbDefaultHandler

.text.vSetMbIrqHandler
                0x00000000f71f0bc0       0x50
 .text.vSetMbIrqHandler
                0x00000000f71f0bc0       0x50 gcc//wesion/users/hlm/A311D2-2/bootloader/uboot-repo/bl30/src_ao/demos/amlogic/driver/mailbox//mailbox-irq.o
                0x00000000f71f0bc0                vSetMbIrqHandler

.text.vEnableMbInterrupt
                0x00000000f71f0c10        0x2
 .text.vEnableMbInterrupt
                0x00000000f71f0c10        0x2 gcc//wesion/users/hlm/A311D2-2/bootloader/uboot-repo/bl30/src_ao/demos/amlogic/driver/mailbox//mailbox-irq.o
                0x00000000f71f0c10                vEnableMbInterrupt

.text.vDisableMbInterrupt
                0x00000000f71f0c12        0x2
 .text.vDisableMbInterrupt
                0x00000000f71f0c12        0x2 gcc//wesion/users/hlm/A311D2-2/bootloader/uboot-repo/bl30/src_ao/demos/amlogic/driver/mailbox//mailbox-irq.o
                0x00000000f71f0c12                vDisableMbInterrupt

.text.vClrMbInterrupt
                0x00000000f71f0c14        0xe
 .text.vClrMbInterrupt
                0x00000000f71f0c14        0xe gcc//wesion/users/hlm/A311D2-2/bootloader/uboot-repo/bl30/src_ao/demos/amlogic/driver/mailbox//mailbox-irq.o
                0x00000000f71f0c14                vClrMbInterrupt

.text.xGetMbIrqStats
                0x00000000f71f0c22        0xe
 .text.xGetMbIrqStats
                0x00000000f71f0c22        0xe gcc//wesion/users/hlm/A311D2-2/bootloader/uboot-repo/bl30/src_ao/demos/amlogic/driver/mailbox//mailbox-irq.o
                0x00000000f71f0c22                xGetMbIrqStats

.text.vMbHandleIsr
                0x00000000f71f0c30       0x88
 .text.vMbHandleIsr
                0x00000000f71f0c30       0x88 gcc//wesion/users/hlm/A311D2-2/bootloader/uboot-repo/bl30/src_ao/demos/amlogic/driver/mailbox//mailbox.o

.text.xGetRevMbox.part.0
                0x00000000f71f0cb8       0x22
 .text.xGetRevMbox.part.0
                0x00000000f71f0cb8       0x22 gcc//wesion/users/hlm/A311D2-2/bootloader/uboot-repo/bl30/src_ao/demos/amlogic/driver/mailbox//mailbox.o

.text.vDspSyncTask
                0x00000000f71f0cda      0x142
 .text.vDspSyncTask
                0x00000000f71f0cda      0x142 gcc//wesion/users/hlm/A311D2-2/bootloader/uboot-repo/bl30/src_ao/demos/amlogic/driver/mailbox//mailbox.o

.text.vTeeSyncTask
                0x00000000f71f0e1c      0x142
 .text.vTeeSyncTask
                0x00000000f71f0e1c      0x142 gcc//wesion/users/hlm/A311D2-2/bootloader/uboot-repo/bl30/src_ao/demos/amlogic/driver/mailbox//mailbox.o

.text.vReeSyncTask
                0x00000000f71f0f5e      0x142
 .text.vReeSyncTask
                0x00000000f71f0f5e      0x142 gcc//wesion/users/hlm/A311D2-2/bootloader/uboot-repo/bl30/src_ao/demos/amlogic/driver/mailbox//mailbox.o

.text.vAoRevMbHandler
                0x00000000f71f10a0      0x2de
 .text.vAoRevMbHandler
                0x00000000f71f10a0      0x2de gcc//wesion/users/hlm/A311D2-2/bootloader/uboot-repo/bl30/src_ao/demos/amlogic/driver/mailbox//mailbox.o

.text.vMbInit   0x00000000f71f137e       0xfa
 .text.vMbInit  0x00000000f71f137e       0xfa gcc//wesion/users/hlm/A311D2-2/bootloader/uboot-repo/bl30/src_ao/demos/amlogic/driver/mailbox//mailbox.o
                0x00000000f71f137e                vMbInit

.text.xInstallRemoteMessageCallbackFeedBack
                0x00000000f71f1478       0x3e
 .text.xInstallRemoteMessageCallbackFeedBack
                0x00000000f71f1478       0x3e gcc//wesion/users/hlm/A311D2-2/bootloader/uboot-repo/bl30/src_ao/demos/amlogic/driver/mailbox//mailbox.o
                0x00000000f71f1478                xInstallRemoteMessageCallbackFeedBack

.text.xMboxUintTeeTestCase
                0x00000000f71f14b6       0x16
 .text.xMboxUintTeeTestCase
                0x00000000f71f14b6       0x16 gcc//wesion/users/hlm/A311D2-2/bootloader/uboot-repo/bl30/src_ao/demos/amlogic/driver/mailbox//rpc-user.o

.text.xMboxUintReeTestCase
                0x00000000f71f14cc       0x82
 .text.xMboxUintReeTestCase
                0x00000000f71f14cc       0x82 gcc//wesion/users/hlm/A311D2-2/bootloader/uboot-repo/bl30/src_ao/demos/amlogic/driver/mailbox//rpc-user.o

.text.vRpcUserCmdInit
                0x00000000f71f154e       0x82
 .text.vRpcUserCmdInit
                0x00000000f71f154e       0x82 gcc//wesion/users/hlm/A311D2-2/bootloader/uboot-repo/bl30/src_ao/demos/amlogic/driver/mailbox//rpc-user.o
                0x00000000f71f154e                vRpcUserCmdInit

.text.vUartPutc
                0x00000000f71f15d0       0x3a
 .text.vUartPutc
                0x00000000f71f15d0       0x3a gcc//wesion/users/hlm/A311D2-2/bootloader/uboot-repo/bl30/src_ao/demos/amlogic/driver/uart//uart.o
                0x00000000f71f15d0                vUartPutc

.text.vUartPuts
                0x00000000f71f160a       0x20
 .text.vUartPuts
                0x00000000f71f160a       0x20 gcc//wesion/users/hlm/A311D2-2/bootloader/uboot-repo/bl30/src_ao/demos/amlogic/driver/uart//uart.o
                0x00000000f71f160a                vUartPuts

.text.timere_read
                0x00000000f71f162a       0x24
 .text.timere_read
                0x00000000f71f162a       0x24 gcc//wesion/users/hlm/A311D2-2/bootloader/uboot-repo/bl30/src_ao/demos/amlogic/driver/timer_source//timer_source.o
                0x00000000f71f162a                timere_read

.text.cec_get_wakeup_otp_msg
                0x00000000f71f164e       0x20
 .text.cec_get_wakeup_otp_msg
                0x00000000f71f164e       0x20 gcc//wesion/users/hlm/A311D2-2/bootloader/uboot-repo/bl30/src_ao/demos/amlogic/driver/cec//hdmi_cec.o

.text.cec_get_wakeup_as_msg
                0x00000000f71f166e       0x20
 .text.cec_get_wakeup_as_msg
                0x00000000f71f166e       0x20 gcc//wesion/users/hlm/A311D2-2/bootloader/uboot-repo/bl30/src_ao/demos/amlogic/driver/cec//hdmi_cec.o

.text.cec_update_config_data
                0x00000000f71f168e       0xa6
 .text.cec_update_config_data
                0x00000000f71f168e       0xa6 gcc//wesion/users/hlm/A311D2-2/bootloader/uboot-repo/bl30/src_ao/demos/amlogic/driver/cec//hdmi_cec.o
                0x00000000f71f168e                cec_update_config_data

.text.read_ao.part.3
                0x00000000f71f1734       0x22
 .text.read_ao.part.3
                0x00000000f71f1734       0x22 gcc//wesion/users/hlm/A311D2-2/bootloader/uboot-repo/bl30/src_ao/demos/amlogic/driver/cec//hdmi_cec.o

.text.write_ao.part.4
                0x00000000f71f1756       0x16
 .text.write_ao.part.4
                0x00000000f71f1756       0x16 gcc//wesion/users/hlm/A311D2-2/bootloader/uboot-repo/bl30/src_ao/demos/amlogic/driver/cec//hdmi_cec.o

.text.cec_set_reg_bits
                0x00000000f71f176c       0x82
 .text.cec_set_reg_bits
                0x00000000f71f176c       0x82 gcc//wesion/users/hlm/A311D2-2/bootloader/uboot-repo/bl30/src_ao/demos/amlogic/driver/cec//hdmi_cec.o

.text.cecb_rd_reg
                0x00000000f71f17ee       0x9e
 .text.cecb_rd_reg
                0x00000000f71f17ee       0x9e gcc//wesion/users/hlm/A311D2-2/bootloader/uboot-repo/bl30/src_ao/demos/amlogic/driver/cec//hdmi_cec.o

.text.cecb_wr_reg
                0x00000000f71f188c       0xb8
 .text.cecb_wr_reg
                0x00000000f71f188c       0xb8 gcc//wesion/users/hlm/A311D2-2/bootloader/uboot-repo/bl30/src_ao/demos/amlogic/driver/cec//hdmi_cec.o

.text.ceca_rd_reg
                0x00000000f71f1944       0x9e
 .text.ceca_rd_reg
                0x00000000f71f1944       0x9e gcc//wesion/users/hlm/A311D2-2/bootloader/uboot-repo/bl30/src_ao/demos/amlogic/driver/cec//hdmi_cec.o

.text.ceca_wr_reg
                0x00000000f71f19e2       0xb8
 .text.ceca_wr_reg
                0x00000000f71f19e2       0xb8 gcc//wesion/users/hlm/A311D2-2/bootloader/uboot-repo/bl30/src_ao/demos/amlogic/driver/cec//hdmi_cec.o

.text.cec_set_log_addr
                0x00000000f71f1a9a       0x9a
 .text.cec_set_log_addr
                0x00000000f71f1a9a       0x9a gcc//wesion/users/hlm/A311D2-2/bootloader/uboot-repo/bl30/src_ao/demos/amlogic/driver/cec//hdmi_cec.o

.text.cec_get_wakeup_info2
                0x00000000f71f1b34       0x64
 .text.cec_get_wakeup_info2
                0x00000000f71f1b34       0x64 gcc//wesion/users/hlm/A311D2-2/bootloader/uboot-repo/bl30/src_ao/demos/amlogic/driver/cec//hdmi_cec.o

.text.cec_get_wakeup_info1
                0x00000000f71f1b98       0x64
 .text.cec_get_wakeup_info1
                0x00000000f71f1b98       0x64 gcc//wesion/users/hlm/A311D2-2/bootloader/uboot-repo/bl30/src_ao/demos/amlogic/driver/cec//hdmi_cec.o

.text.cec_get_log_addr
                0x00000000f71f1bfc       0x9c
 .text.cec_get_log_addr
                0x00000000f71f1bfc       0x9c gcc//wesion/users/hlm/A311D2-2/bootloader/uboot-repo/bl30/src_ao/demos/amlogic/driver/cec//hdmi_cec.o

.text.cec_save_port_id
                0x00000000f71f1c98       0xee
 .text.cec_save_port_id
                0x00000000f71f1c98       0xee gcc//wesion/users/hlm/A311D2-2/bootloader/uboot-repo/bl30/src_ao/demos/amlogic/driver/cec//hdmi_cec.o

.text.cec_set_wk_msg.part.7.constprop.11
                0x00000000f71f1d86      0x164
 .text.cec_set_wk_msg.part.7.constprop.11
                0x00000000f71f1d86      0x164 gcc//wesion/users/hlm/A311D2-2/bootloader/uboot-repo/bl30/src_ao/demos/amlogic/driver/cec//hdmi_cec.o

.text.ceca_hw_reset
                0x00000000f71f1eea      0x204
 .text.ceca_hw_reset
                0x00000000f71f1eea      0x204 gcc//wesion/users/hlm/A311D2-2/bootloader/uboot-repo/bl30/src_ao/demos/amlogic/driver/cec//hdmi_cec.o

.text.cec_triggle_tx
                0x00000000f71f20ee      0x21a
 .text.cec_triggle_tx
                0x00000000f71f20ee      0x21a gcc//wesion/users/hlm/A311D2-2/bootloader/uboot-repo/bl30/src_ao/demos/amlogic/driver/cec//hdmi_cec.o

.text.cec_queue_tx_msg
                0x00000000f71f2308       0x90
 .text.cec_queue_tx_msg
                0x00000000f71f2308       0x90 gcc//wesion/users/hlm/A311D2-2/bootloader/uboot-repo/bl30/src_ao/demos/amlogic/driver/cec//hdmi_cec.o

.text.cec_suspend_handle
                0x00000000f71f2398     0x123c
 .text.cec_suspend_handle
                0x00000000f71f2398     0x123c gcc//wesion/users/hlm/A311D2-2/bootloader/uboot-repo/bl30/src_ao/demos/amlogic/driver/cec//hdmi_cec.o
                0x00000000f71f2398                cec_suspend_handle

.text.cec_init_config
                0x00000000f71f35d4      0x16a
 .text.cec_init_config
                0x00000000f71f35d4      0x16a gcc//wesion/users/hlm/A311D2-2/bootloader/uboot-repo/bl30/src_ao/demos/amlogic/driver/cec//hdmi_cec.o
                0x00000000f71f35d4                cec_init_config

.text.vCEC_task
                0x00000000f71f373e       0xc0
 .text.vCEC_task
                0x00000000f71f373e       0xc0 gcc//wesion/users/hlm/A311D2-2/bootloader/uboot-repo/bl30/src_ao/demos/amlogic/driver/cec//hdmi_cec.o
                0x00000000f71f373e                vCEC_task

.text.vCecCallbackInit
                0x00000000f71f37fe      0x19a
 .text.vCecCallbackInit
                0x00000000f71f37fe      0x19a gcc//wesion/users/hlm/A311D2-2/bootloader/uboot-repo/bl30/src_ao/demos/amlogic/driver/cec//hdmi_cec.o
                0x00000000f71f37fe                vCecCallbackInit

.text.cec_req_irq
                0x00000000f71f3998        0x2
 .text.cec_req_irq
                0x00000000f71f3998        0x2 gcc//wesion/users/hlm/A311D2-2/bootloader/uboot-repo/bl30/src_ao/demos/amlogic/driver/cec//hdmi_cec.o
                0x00000000f71f3998                cec_req_irq

.text.xMboxSetRTC
                0x00000000f71f399a       0x3c
 .text.xMboxSetRTC
                0x00000000f71f399a       0x3c gcc//wesion/users/hlm/A311D2-2/bootloader/uboot-repo/bl30/src_ao/demos/amlogic/driver/vrtc//vrtc.o
                0x00000000f71f399a                xMboxSetRTC

.text.xMboxGetRTC
                0x00000000f71f39d6       0x4a
 .text.xMboxGetRTC
                0x00000000f71f39d6       0x4a gcc//wesion/users/hlm/A311D2-2/bootloader/uboot-repo/bl30/src_ao/demos/amlogic/driver/vrtc//vrtc.o
                0x00000000f71f39d6                xMboxGetRTC

.text.valarm_update
                0x00000000f71f3a20       0x62
 .text.valarm_update
                0x00000000f71f3a20       0x62 gcc//wesion/users/hlm/A311D2-2/bootloader/uboot-repo/bl30/src_ao/demos/amlogic/driver/vrtc//vrtc.o

.text.vRTC_update
                0x00000000f71f3a82       0x42
 .text.vRTC_update
                0x00000000f71f3a82       0x42 gcc//wesion/users/hlm/A311D2-2/bootloader/uboot-repo/bl30/src_ao/demos/amlogic/driver/vrtc//vrtc.o
                0x00000000f71f3a82                vRTC_update

.text.vRtcInit  0x00000000f71f3ac4       0x88
 .text.vRtcInit
                0x00000000f71f3ac4       0x88 gcc//wesion/users/hlm/A311D2-2/bootloader/uboot-repo/bl30/src_ao/demos/amlogic/driver/vrtc//vrtc.o
                0x00000000f71f3ac4                vRtcInit

.text.alarm_set
                0x00000000f71f3b4c       0x56
 .text.alarm_set
                0x00000000f71f3b4c       0x56 gcc//wesion/users/hlm/A311D2-2/bootloader/uboot-repo/bl30/src_ao/demos/amlogic/driver/vrtc//vrtc.o
                0x00000000f71f3b4c                alarm_set

.text.alarm_clr
                0x00000000f71f3ba2       0x1e
 .text.alarm_clr
                0x00000000f71f3ba2       0x1e gcc//wesion/users/hlm/A311D2-2/bootloader/uboot-repo/bl30/src_ao/demos/amlogic/driver/vrtc//vrtc.o
                0x00000000f71f3ba2                alarm_clr

.text.vCreat_alarm_timer
                0x00000000f71f3bc0       0x2e
 .text.vCreat_alarm_timer
                0x00000000f71f3bc0       0x2e gcc//wesion/users/hlm/A311D2-2/bootloader/uboot-repo/bl30/src_ao/demos/amlogic/driver/vrtc//vrtc.o
                0x00000000f71f3bc0                vCreat_alarm_timer

.text.prvDetectGpioKey
                0x00000000f71f3bee       0xba
 .text.prvDetectGpioKey
                0x00000000f71f3bee       0xba gcc//wesion/users/hlm/A311D2-2/bootloader/uboot-repo/bl30/src_ao/demos/amlogic/driver/key//gpio_key.o

.text.prvGpioKeyHandler
                0x00000000f71f3ca8       0x30
 .text.prvGpioKeyHandler
                0x00000000f71f3ca8       0x30 gcc//wesion/users/hlm/A311D2-2/bootloader/uboot-repo/bl30/src_ao/demos/amlogic/driver/key//gpio_key.o

.text.vCreateGpioKey
                0x00000000f71f3cd8      0x112
 .text.vCreateGpioKey
                0x00000000f71f3cd8      0x112 gcc//wesion/users/hlm/A311D2-2/bootloader/uboot-repo/bl30/src_ao/demos/amlogic/driver/key//gpio_key.o
                0x00000000f71f3cd8                vCreateGpioKey

.text.vDestoryGpioKey
                0x00000000f71f3dea       0x64
 .text.vDestoryGpioKey
                0x00000000f71f3dea       0x64 gcc//wesion/users/hlm/A311D2-2/bootloader/uboot-repo/bl30/src_ao/demos/amlogic/driver/key//gpio_key.o
                0x00000000f71f3dea                vDestoryGpioKey

.text.vGpioKeyEnable
                0x00000000f71f3e4e       0x6e
 .text.vGpioKeyEnable
                0x00000000f71f3e4e       0x6e gcc//wesion/users/hlm/A311D2-2/bootloader/uboot-repo/bl30/src_ao/demos/amlogic/driver/key//gpio_key.o
                0x00000000f71f3e4e                vGpioKeyEnable

.text.vGpioKeyDisable
                0x00000000f71f3ebc       0x28
 .text.vGpioKeyDisable
                0x00000000f71f3ebc       0x28 gcc//wesion/users/hlm/A311D2-2/bootloader/uboot-repo/bl30/src_ao/demos/amlogic/driver/key//gpio_key.o
                0x00000000f71f3ebc                vGpioKeyDisable

.text.xGpioSetDir
                0x00000000f71f3ee4       0xc2
 .text.xGpioSetDir
                0x00000000f71f3ee4       0xc2 gcc//wesion/users/hlm/A311D2-2/bootloader/uboot-repo/bl30/src_ao/demos/amlogic/driver/gpio//gpio.o
                0x00000000f71f3ee4                xGpioSetDir

.text.xGpioSetValue
                0x00000000f71f3fa6       0xc2
 .text.xGpioSetValue
                0x00000000f71f3fa6       0xc2 gcc//wesion/users/hlm/A311D2-2/bootloader/uboot-repo/bl30/src_ao/demos/amlogic/driver/gpio//gpio.o
                0x00000000f71f3fa6                xGpioSetValue

.text.xGpioGetValue
                0x00000000f71f4068       0x3e
 .text.xGpioGetValue
                0x00000000f71f4068       0x3e gcc//wesion/users/hlm/A311D2-2/bootloader/uboot-repo/bl30/src_ao/demos/amlogic/driver/gpio//gpio.o
                0x00000000f71f4068                xGpioGetValue

.text.xPinconfSet
                0x00000000f71f40a6      0x1f0
 .text.xPinconfSet
                0x00000000f71f40a6      0x1f0 gcc//wesion/users/hlm/A311D2-2/bootloader/uboot-repo/bl30/src_ao/demos/amlogic/driver/gpio//gpio.o
                0x00000000f71f40a6                xPinconfSet

.text.xPinmuxSet
                0x00000000f71f4296       0xd4
 .text.xPinmuxSet
                0x00000000f71f4296       0xd4 gcc//wesion/users/hlm/A311D2-2/bootloader/uboot-repo/bl30/src_ao/demos/amlogic/driver/gpio//gpio.o
                0x00000000f71f4296                xPinmuxSet

.text.prvFreeParentIRQ
                0x00000000f71f436a       0x8a
 .text.prvFreeParentIRQ
                0x00000000f71f436a       0x8a gcc//wesion/users/hlm/A311D2-2/bootloader/uboot-repo/bl30/src_ao/demos/amlogic/driver/gpio//gpio_irq.o

.text.vGpioIRQInit
                0x00000000f71f43f4       0x14
 .text.vGpioIRQInit
                0x00000000f71f43f4       0x14 gcc//wesion/users/hlm/A311D2-2/bootloader/uboot-repo/bl30/src_ao/demos/amlogic/driver/gpio//gpio_irq.o
                0x00000000f71f43f4                vGpioIRQInit

.text.xRequestGpioIRQ
                0x00000000f71f4408      0x11e
 .text.xRequestGpioIRQ
                0x00000000f71f4408      0x11e gcc//wesion/users/hlm/A311D2-2/bootloader/uboot-repo/bl30/src_ao/demos/amlogic/driver/gpio//gpio_irq.o
                0x00000000f71f4408                xRequestGpioIRQ

.text.vFreeGpioIRQ
                0x00000000f71f4526        0x2
 .text.vFreeGpioIRQ
                0x00000000f71f4526        0x2 gcc//wesion/users/hlm/A311D2-2/bootloader/uboot-repo/bl30/src_ao/demos/amlogic/driver/gpio//gpio_irq.o
                0x00000000f71f4526                vFreeGpioIRQ

.text.vDisableGpioIRQ
                0x00000000f71f4528       0x68
 .text.vDisableGpioIRQ
                0x00000000f71f4528       0x68 gcc//wesion/users/hlm/A311D2-2/bootloader/uboot-repo/bl30/src_ao/demos/amlogic/driver/gpio//gpio_irq.o
                0x00000000f71f4528                vDisableGpioIRQ

.text.vRestoreGpioIrqReg
                0x00000000f71f4590       0x2a
 .text.vRestoreGpioIrqReg
                0x00000000f71f4590       0x2a gcc//wesion/users/hlm/A311D2-2/bootloader/uboot-repo/bl30/src_ao/demos/amlogic/driver/gpio//gpio_irq.o
                0x00000000f71f4590                vRestoreGpioIrqReg

.text.vBackupAndClearGpioIrqReg
                0x00000000f71f45ba       0x52
 .text.vBackupAndClearGpioIrqReg
                0x00000000f71f45ba       0x52 gcc//wesion/users/hlm/A311D2-2/bootloader/uboot-repo/bl30/src_ao/demos/amlogic/driver/gpio//gpio_irq.o
                0x00000000f71f45ba                vBackupAndClearGpioIrqReg

.text.pGetGpioBank
                0x00000000f71f460c        0xa
 .text.pGetGpioBank
                0x00000000f71f460c        0xa gcc//wesion/users/hlm/A311D2-2/bootloader/uboot-repo/bl30/src_ao/demos/amlogic/driver/gpio//gpio_t7_plat.o
                0x00000000f71f460c                pGetGpioBank

.text.pGetGpioIrqBank
                0x00000000f71f4616        0xa
 .text.pGetGpioIrqBank
                0x00000000f71f4616        0xa gcc//wesion/users/hlm/A311D2-2/bootloader/uboot-repo/bl30/src_ao/demos/amlogic/driver/gpio//gpio_t7_plat.o
                0x00000000f71f4616                pGetGpioIrqBank

.text.prvGpioPlatIrqSetup
                0x00000000f71f4620       0xca
 .text.prvGpioPlatIrqSetup
                0x00000000f71f4620       0xca gcc//wesion/users/hlm/A311D2-2/bootloader/uboot-repo/bl30/src_ao/demos/amlogic/driver/gpio//gpio_t7_plat.o
                0x00000000f71f4620                prvGpioPlatIrqSetup

.text.vSetIRWorkMode
                0x00000000f71f46ea       0xba
 .text.vSetIRWorkMode
                0x00000000f71f46ea       0xba gcc//wesion/users/hlm/A311D2-2/bootloader/uboot-repo/bl30/src_ao/demos/amlogic/driver/ir//ir.o

.text.vIRIntteruptHandler
                0x00000000f71f47a4      0x142
 .text.vIRIntteruptHandler
                0x00000000f71f47a4      0x142 gcc//wesion/users/hlm/A311D2-2/bootloader/uboot-repo/bl30/src_ao/demos/amlogic/driver/ir//ir.o

.text.vInitIRWorkMode
                0x00000000f71f48e6       0x36
 .text.vInitIRWorkMode
                0x00000000f71f48e6       0x36 gcc//wesion/users/hlm/A311D2-2/bootloader/uboot-repo/bl30/src_ao/demos/amlogic/driver/ir//ir.o
                0x00000000f71f48e6                vInitIRWorkMode

.text.vIRInit   0x00000000f71f491c       0xe2
 .text.vIRInit  0x00000000f71f491c       0xe2 gcc//wesion/users/hlm/A311D2-2/bootloader/uboot-repo/bl30/src_ao/demos/amlogic/driver/ir//ir.o
                0x00000000f71f491c                vIRInit

.text.vIRDeint  0x00000000f71f49fe       0x28
 .text.vIRDeint
                0x00000000f71f49fe       0x28 gcc//wesion/users/hlm/A311D2-2/bootloader/uboot-repo/bl30/src_ao/demos/amlogic/driver/ir//ir.o
                0x00000000f71f49fe                vIRDeint

.text.pGetIRDrvData
                0x00000000f71f4a26        0xa
 .text.pGetIRDrvData
                0x00000000f71f4a26        0xa gcc//wesion/users/hlm/A311D2-2/bootloader/uboot-repo/bl30/src_ao/demos/amlogic/driver/ir//ir_regmap.o
                0x00000000f71f4a26                pGetIRDrvData

.text.pGetSupportProtocol
                0x00000000f71f4a30        0xa
 .text.pGetSupportProtocol
                0x00000000f71f4a30        0xa gcc//wesion/users/hlm/A311D2-2/bootloader/uboot-repo/bl30/src_ao/demos/amlogic/driver/ir//ir_regmap.o
                0x00000000f71f4a30                pGetSupportProtocol

.text.version   0x00000000f71f4a3a       0x20
 .text.version  0x00000000f71f4a3a       0x20 gcc//wesion/users/hlm/A311D2-2/bootloader/uboot-repo/bl30/src_ao/demos/amlogic/driver/get_version//version.o
                0x00000000f71f4a3a                version

.text.xMboxGetWakeupReason
                0x00000000f71f4a5a       0x10
 .text.xMboxGetWakeupReason
                0x00000000f71f4a5a       0x10 gcc//wesion/users/hlm/A311D2-2/bootloader/uboot-repo/bl30/src_ao/demos/amlogic/driver/str//suspend.o
                0x00000000f71f4a5a                xMboxGetWakeupReason

.text.xMboxClrWakeupReason
                0x00000000f71f4a6a        0x4
 .text.xMboxClrWakeupReason
                0x00000000f71f4a6a        0x4 gcc//wesion/users/hlm/A311D2-2/bootloader/uboot-repo/bl30/src_ao/demos/amlogic/driver/str//suspend.o
                0x00000000f71f4a6a                xMboxClrWakeupReason

.text.xMboxGetStickRebootFlag
                0x00000000f71f4a6e       0x22
 .text.xMboxGetStickRebootFlag
                0x00000000f71f4a6e       0x22 gcc//wesion/users/hlm/A311D2-2/bootloader/uboot-repo/bl30/src_ao/demos/amlogic/driver/str//suspend.o
                0x00000000f71f4a6e                xMboxGetStickRebootFlag

.text.vDDR_suspend
                0x00000000f71f4a90        0x2
 .text.vDDR_suspend
                0x00000000f71f4a90        0x2 gcc//wesion/users/hlm/A311D2-2/bootloader/uboot-repo/bl30/src_ao/demos/amlogic/driver/str//suspend.o
                0x00000000f71f4a90                vDDR_suspend

.text.vDDR_resume
                0x00000000f71f4a92        0x2
 .text.vDDR_resume
                0x00000000f71f4a92        0x2 gcc//wesion/users/hlm/A311D2-2/bootloader/uboot-repo/bl30/src_ao/demos/amlogic/driver/str//suspend.o
                0x00000000f71f4a92                vDDR_resume

.text.system_resume
                0x00000000f71f4a94       0x54
 .text.system_resume
                0x00000000f71f4a94       0x54 gcc//wesion/users/hlm/A311D2-2/bootloader/uboot-repo/bl30/src_ao/demos/amlogic/driver/str//suspend.o
                0x00000000f71f4a94                system_resume

.text.system_suspend
                0x00000000f71f4ae8       0x3c
 .text.system_suspend
                0x00000000f71f4ae8       0x3c gcc//wesion/users/hlm/A311D2-2/bootloader/uboot-repo/bl30/src_ao/demos/amlogic/driver/str//suspend.o
                0x00000000f71f4ae8                system_suspend

.text.vSTRTask  0x00000000f71f4b24      0x10e
 .text.vSTRTask
                0x00000000f71f4b24      0x10e gcc//wesion/users/hlm/A311D2-2/bootloader/uboot-repo/bl30/src_ao/demos/amlogic/driver/str//suspend.o

.text.STR_Wakeup_src_Queue_Send_FromISR
                0x00000000f71f4c32       0x4c
 .text.STR_Wakeup_src_Queue_Send_FromISR
                0x00000000f71f4c32       0x4c gcc//wesion/users/hlm/A311D2-2/bootloader/uboot-repo/bl30/src_ao/demos/amlogic/driver/str//suspend.o
                0x00000000f71f4c32                STR_Wakeup_src_Queue_Send_FromISR

.text.STR_Wakeup_src_Queue_Send
                0x00000000f71f4c7e       0x48
 .text.STR_Wakeup_src_Queue_Send
                0x00000000f71f4c7e       0x48 gcc//wesion/users/hlm/A311D2-2/bootloader/uboot-repo/bl30/src_ao/demos/amlogic/driver/str//suspend.o
                0x00000000f71f4c7e                STR_Wakeup_src_Queue_Send

.text.parse_suspend_msg
                0x00000000f71f4cc6        0x4
 .text.parse_suspend_msg
                0x00000000f71f4cc6        0x4 gcc//wesion/users/hlm/A311D2-2/bootloader/uboot-repo/bl30/src_ao/demos/amlogic/driver/str//suspend.o
                0x00000000f71f4cc6                parse_suspend_msg

.text.xMboxSuspend_Sem
                0x00000000f71f4cca       0x3a
 .text.xMboxSuspend_Sem
                0x00000000f71f4cca       0x3a gcc//wesion/users/hlm/A311D2-2/bootloader/uboot-repo/bl30/src_ao/demos/amlogic/driver/str//suspend.o
                0x00000000f71f4cca                xMboxSuspend_Sem

.text.create_str_task
                0x00000000f71f4d04       0xda
 .text.create_str_task
                0x00000000f71f4d04       0xda gcc//wesion/users/hlm/A311D2-2/bootloader/uboot-repo/bl30/src_ao/demos/amlogic/driver/str//suspend.o
                0x00000000f71f4d04                create_str_task

.text.vPrintTask2
                0x00000000f71f4dde        0xc
 .text.vPrintTask2
                0x00000000f71f4dde        0xc gcc/main.o

.text.vPrintTask1
                0x00000000f71f4dea        0xe
 .text.vPrintTask1
                0x00000000f71f4dea        0xe gcc/main.o

.text.vPrintSystemStatus
                0x00000000f71f4df8       0x10
 .text.vPrintSystemStatus
                0x00000000f71f4df8       0x10 gcc/main.o

.text.startup.main
                0x00000000f71f4e08      0x10c
 .text.startup.main
                0x00000000f71f4e08      0x10c gcc/main.o
                0x00000000f71f4e08                main

.text.vApplicationIdleHook
                0x00000000f71f4f14        0x6
 .text.vApplicationIdleHook
                0x00000000f71f4f14        0x6 gcc/main.o
                0x00000000f71f4f14                vApplicationIdleHook

.text.vApplicationMallocFailedHook
                0x00000000f71f4f1a       0x12
 .text.vApplicationMallocFailedHook
                0x00000000f71f4f1a       0x12 gcc/main.o
                0x00000000f71f4f1a                vApplicationMallocFailedHook

.text.vApplicationStackOverflowHook
                0x00000000f71f4f2c       0x18
 .text.vApplicationStackOverflowHook
                0x00000000f71f4f2c       0x18 gcc/main.o
                0x00000000f71f4f2c                vApplicationStackOverflowHook

.text.vIRHandler
                0x00000000f71f4f44       0x34
 .text.vIRHandler
                0x00000000f71f4f44       0x34 gcc/power.o

.text.str_hw_init
                0x00000000f71f4f78       0x5a
 .text.str_hw_init
                0x00000000f71f4f78       0x5a gcc/power.o
                0x00000000f71f4f78                str_hw_init

.text.str_hw_disable
                0x00000000f71f4fd2       0x2c
 .text.str_hw_disable
                0x00000000f71f4fd2       0x2c gcc/power.o
                0x00000000f71f4fd2                str_hw_disable

.text.str_power_on
                0x00000000f71f4ffe       0xca
 .text.str_power_on
                0x00000000f71f4ffe       0xca gcc/power.o
                0x00000000f71f4ffe                str_power_on

.text.str_power_off
                0x00000000f71f50c8       0xd0
 .text.str_power_off
                0x00000000f71f50c8       0xd0 gcc/power.o
                0x00000000f71f50c8                str_power_off

.text.vListInitialise
                0x00000000f71f5198       0x14
 .text.vListInitialise
                0x00000000f71f5198       0x14 gcc/list.o
                0x00000000f71f5198                vListInitialise

.text.vListInitialiseItem
                0x00000000f71f51ac        0x6
 .text.vListInitialiseItem
                0x00000000f71f51ac        0x6 gcc/list.o
                0x00000000f71f51ac                vListInitialiseItem

.text.vListInsertEnd
                0x00000000f71f51b2       0x18
 .text.vListInsertEnd
                0x00000000f71f51b2       0x18 gcc/list.o
                0x00000000f71f51b2                vListInsertEnd

.text.vListInsert
                0x00000000f71f51ca       0x30
 .text.vListInsert
                0x00000000f71f51ca       0x30 gcc/list.o
                0x00000000f71f51ca                vListInsert

.text.uxListRemove
                0x00000000f71f51fa       0x2e
 .text.uxListRemove
                0x00000000f71f51fa       0x2e gcc/list.o
                0x00000000f71f51fa                uxListRemove

.text.prvCopyDataToQueue
                0x00000000f71f5228       0xa4
 .text.prvCopyDataToQueue
                0x00000000f71f5228       0xa4 gcc/queue.o

.text.prvCopyDataFromQueue
                0x00000000f71f52cc       0x1e
 .text.prvCopyDataFromQueue
                0x00000000f71f52cc       0x1e gcc/queue.o

.text.prvUnlockQueue
                0x00000000f71f52ea       0xb6
 .text.prvUnlockQueue
                0x00000000f71f52ea       0xb6 gcc/queue.o

.text.xQueueGenericReset
                0x00000000f71f53a0       0x9c
 .text.xQueueGenericReset
                0x00000000f71f53a0       0x9c gcc/queue.o
                0x00000000f71f53a0                xQueueGenericReset

.text.xQueueGenericCreate
                0x00000000f71f543c       0x80
 .text.xQueueGenericCreate
                0x00000000f71f543c       0x80 gcc/queue.o
                0x00000000f71f543c                xQueueGenericCreate

.text.xQueueGenericSend
                0x00000000f71f54bc      0x1be
 .text.xQueueGenericSend
                0x00000000f71f54bc      0x1be gcc/queue.o
                0x00000000f71f54bc                xQueueGenericSend

.text.xQueueGenericSendFromISR
                0x00000000f71f567a       0xfc
 .text.xQueueGenericSendFromISR
                0x00000000f71f567a       0xfc gcc/queue.o
                0x00000000f71f567a                xQueueGenericSendFromISR

.text.xQueueReceive
                0x00000000f71f5776      0x178
 .text.xQueueReceive
                0x00000000f71f5776      0x178 gcc/queue.o
                0x00000000f71f5776                xQueueReceive

.text.xQueueSemaphoreTake
                0x00000000f71f58ee      0x1d8
 .text.xQueueSemaphoreTake
                0x00000000f71f58ee      0x1d8 gcc/queue.o
                0x00000000f71f58ee                xQueueSemaphoreTake

.text.vQueueAddToRegistry
                0x00000000f71f5ac6       0x26
 .text.vQueueAddToRegistry
                0x00000000f71f5ac6       0x26 gcc/queue.o
                0x00000000f71f5ac6                vQueueAddToRegistry

.text.vQueueWaitForMessageRestricted
                0x00000000f71f5aec       0x6c
 .text.vQueueWaitForMessageRestricted
                0x00000000f71f5aec       0x6c gcc/queue.o
                0x00000000f71f5aec                vQueueWaitForMessageRestricted

.text.prvResetNextTaskUnblockTime.part.0
                0x00000000f71f5b58       0x1a
 .text.prvResetNextTaskUnblockTime.part.0
                0x00000000f71f5b58       0x1a gcc/tasks.o

.text.prvAddCurrentTaskToDelayedList
                0x00000000f71f5b72       0xb2
 .text.prvAddCurrentTaskToDelayedList
                0x00000000f71f5b72       0xb2 gcc/tasks.o

.text.vTaskEnterCritical.part.5
                0x00000000f71f5c24       0x14
 .text.vTaskEnterCritical.part.5
                0x00000000f71f5c24       0x14 gcc/tasks.o

.text.vTaskExitCritical.part.6
                0x00000000f71f5c38       0x1c
 .text.vTaskExitCritical.part.6
                0x00000000f71f5c38       0x1c gcc/tasks.o

.text.prvIdleTask
                0x00000000f71f5c54       0xb2
 .text.prvIdleTask
                0x00000000f71f5c54       0xb2 gcc/tasks.o

.text.xTaskCreate
                0x00000000f71f5d06      0x25c
 .text.xTaskCreate
                0x00000000f71f5d06      0x25c gcc/tasks.o
                0x00000000f71f5d06                xTaskCreate

.text.vTaskDelete
                0x00000000f71f5f62      0x12a
 .text.vTaskDelete
                0x00000000f71f5f62      0x12a gcc/tasks.o
                0x00000000f71f5f62                vTaskDelete

.text.vTaskStartScheduler
                0x00000000f71f608c       0x8a
 .text.vTaskStartScheduler
                0x00000000f71f608c       0x8a gcc/tasks.o
                0x00000000f71f608c                vTaskStartScheduler

.text.vTaskSuspendAll
                0x00000000f71f6116       0x10
 .text.vTaskSuspendAll
                0x00000000f71f6116       0x10 gcc/tasks.o
                0x00000000f71f6116                vTaskSuspendAll

.text.xTaskGetTickCount
                0x00000000f71f6126       0x42
 .text.xTaskGetTickCount
                0x00000000f71f6126       0x42 gcc/tasks.o
                0x00000000f71f6126                xTaskGetTickCount

.text.xTaskIncrementTick
                0x00000000f71f6168      0x1cc
 .text.xTaskIncrementTick
                0x00000000f71f6168      0x1cc gcc/tasks.o
                0x00000000f71f6168                xTaskIncrementTick

.text.xTaskResumeAll
                0x00000000f71f6334      0x17c
 .text.xTaskResumeAll
                0x00000000f71f6334      0x17c gcc/tasks.o
                0x00000000f71f6334                xTaskResumeAll

.text.vTaskDelay
                0x00000000f71f64b0       0x5e
 .text.vTaskDelay
                0x00000000f71f64b0       0x5e gcc/tasks.o
                0x00000000f71f64b0                vTaskDelay

.text.vTaskSwitchContext
                0x00000000f71f650e       0xc2
 .text.vTaskSwitchContext
                0x00000000f71f650e       0xc2 gcc/tasks.o
                0x00000000f71f650e                vTaskSwitchContext

.text.vTaskPlaceOnEventList
                0x00000000f71f65d0       0x48
 .text.vTaskPlaceOnEventList
                0x00000000f71f65d0       0x48 gcc/tasks.o
                0x00000000f71f65d0                vTaskPlaceOnEventList

.text.vTaskPlaceOnEventListRestricted
                0x00000000f71f6618       0x52
 .text.vTaskPlaceOnEventListRestricted
                0x00000000f71f6618       0x52 gcc/tasks.o
                0x00000000f71f6618                vTaskPlaceOnEventListRestricted

.text.xTaskRemoveFromEventList
                0x00000000f71f666a       0xb8
 .text.xTaskRemoveFromEventList
                0x00000000f71f666a       0xb8 gcc/tasks.o
                0x00000000f71f666a                xTaskRemoveFromEventList

.text.vTaskInternalSetTimeOutState
                0x00000000f71f6722       0x1a
 .text.vTaskInternalSetTimeOutState
                0x00000000f71f6722       0x1a gcc/tasks.o
                0x00000000f71f6722                vTaskInternalSetTimeOutState

.text.xTaskCheckForTimeOut
                0x00000000f71f673c       0xee
 .text.xTaskCheckForTimeOut
                0x00000000f71f673c       0xee gcc/tasks.o
                0x00000000f71f673c                xTaskCheckForTimeOut

.text.vTaskMissedYield
                0x00000000f71f682a        0xc
 .text.vTaskMissedYield
                0x00000000f71f682a        0xc gcc/tasks.o
                0x00000000f71f682a                vTaskMissedYield

.text.xTaskGetSchedulerState
                0x00000000f71f6836       0x20
 .text.xTaskGetSchedulerState
                0x00000000f71f6836       0x20 gcc/tasks.o
                0x00000000f71f6836                xTaskGetSchedulerState

.text.xTaskPriorityInherit
                0x00000000f71f6856       0xb6
 .text.xTaskPriorityInherit
                0x00000000f71f6856       0xb6 gcc/tasks.o
                0x00000000f71f6856                xTaskPriorityInherit

.text.xTaskPriorityDisinherit
                0x00000000f71f690c       0xc0
 .text.xTaskPriorityDisinherit
                0x00000000f71f690c       0xc0 gcc/tasks.o
                0x00000000f71f690c                xTaskPriorityDisinherit

.text.vTaskPriorityDisinheritAfterTimeout
                0x00000000f71f69cc       0xe6
 .text.vTaskPriorityDisinheritAfterTimeout
                0x00000000f71f69cc       0xe6 gcc/tasks.o
                0x00000000f71f69cc                vTaskPriorityDisinheritAfterTimeout

.text.vTaskEnterCritical
                0x00000000f71f6ab2       0x16
 .text.vTaskEnterCritical
                0x00000000f71f6ab2       0x16 gcc/tasks.o
                0x00000000f71f6ab2                vTaskEnterCritical

.text.vTaskExitCritical
                0x00000000f71f6ac8       0x20
 .text.vTaskExitCritical
                0x00000000f71f6ac8       0x20 gcc/tasks.o
                0x00000000f71f6ac8                vTaskExitCritical

.text.pvTaskIncrementMutexHeldCount
                0x00000000f71f6ae8       0x18
 .text.pvTaskIncrementMutexHeldCount
                0x00000000f71f6ae8       0x18 gcc/tasks.o
                0x00000000f71f6ae8                pvTaskIncrementMutexHeldCount

.text.ulTaskNotifyTake
                0x00000000f71f6b00       0xaa
 .text.ulTaskNotifyTake
                0x00000000f71f6b00       0xaa gcc/tasks.o
                0x00000000f71f6b00                ulTaskNotifyTake

.text.vTaskNotifyGiveFromISR
                0x00000000f71f6baa       0xfe
 .text.vTaskNotifyGiveFromISR
                0x00000000f71f6baa       0xfe gcc/tasks.o
                0x00000000f71f6baa                vTaskNotifyGiveFromISR

.text.vTaskDumpStack
                0x00000000f71f6ca8       0x94
 .text.vTaskDumpStack
                0x00000000f71f6ca8       0x94 gcc/tasks.o
                0x00000000f71f6ca8                vTaskDumpStack

.text.prvCheckForValidListAndQueue
                0x00000000f71f6d3c       0x6e
 .text.prvCheckForValidListAndQueue
                0x00000000f71f6d3c       0x6e gcc/timers.o

.text.prvInsertTimerInActiveList
                0x00000000f71f6daa       0x5c
 .text.prvInsertTimerInActiveList
                0x00000000f71f6daa       0x5c gcc/timers.o

.text.xTimerCreateTimerTask
                0x00000000f71f6e06       0x5c
 .text.xTimerCreateTimerTask
                0x00000000f71f6e06       0x5c gcc/timers.o
                0x00000000f71f6e06                xTimerCreateTimerTask

.text.xTimerCreate
                0x00000000f71f6e62       0x76
 .text.xTimerCreate
                0x00000000f71f6e62       0x76 gcc/timers.o
                0x00000000f71f6e62                xTimerCreate

.text.xTimerGenericCommand
                0x00000000f71f6ed8       0x8a
 .text.xTimerGenericCommand
                0x00000000f71f6ed8       0x8a gcc/timers.o
                0x00000000f71f6ed8                xTimerGenericCommand

.text.prvSwitchTimerLists
                0x00000000f71f6f62       0xae
 .text.prvSwitchTimerLists
                0x00000000f71f6f62       0xae gcc/timers.o

.text.prvTimerTask
                0x00000000f71f7010      0x216
 .text.prvTimerTask
                0x00000000f71f7010      0x216 gcc/timers.o

.text.prvTaskExitError
                0x00000000f71f7226       0x44
 .text.prvTaskExitError
                0x00000000f71f7226       0x44 gcc/port.o

.text.ulSynchTrap
                0x00000000f71f726a      0x196
 .text.ulSynchTrap
                0x00000000f71f726a      0x196 gcc/port.o
                0x00000000f71f726a                ulSynchTrap

.text.vPortClearInterruptMask
                0x00000000f71f7400        0x8
 .text.vPortClearInterruptMask
                0x00000000f71f7400        0x8 gcc/port.o
                0x00000000f71f7400                vPortClearInterruptMask

.text.xPortSetInterruptMask
                0x00000000f71f7408       0x1e
 .text.xPortSetInterruptMask
                0x00000000f71f7408       0x1e gcc/port.o
                0x00000000f71f7408                xPortSetInterruptMask

.text.pxPortInitialiseStack
                0x00000000f71f7426       0x50
 .text.pxPortInitialiseStack
                0x00000000f71f7426       0x50 gcc/port.o
                0x00000000f71f7426                pxPortInitialiseStack

.text.vPortSysTickHandler
                0x00000000f71f7476       0x3a
 .text.vPortSysTickHandler
                0x00000000f71f7476       0x3a gcc/port.o
                0x00000000f71f7476                vPortSysTickHandler

.text.vPortSetupTimer
                0x00000000f71f74b0       0x54
 .text.vPortSetupTimer
                0x00000000f71f74b0       0x54 gcc/port.o
                0x00000000f71f74b0                vPortSetupTimer

.text.vPortSetup
                0x00000000f71f7504       0x14
 .text.vPortSetup
                0x00000000f71f7504       0x14 gcc/port.o
                0x00000000f71f7504                vPortSetup

.text.entry     0x00000000f71f7540      0x324
 .text.entry    0x00000000f71f7540      0x324 gcc/portasm.o
                0x00000000f71f7540                trap_entry
                0x00000000f71f75cc                irq_entry
                0x00000000f71f7688                eclic_mtip_handler
                0x00000000f71f7738                xPortStartScheduler
                0x00000000f71f77c0                vPortYield
                0x00000000f71f7836                vPortEndScheduler

.text.prvInsertBlockIntoFreeList
                0x00000000f71f7864       0x52
 .text.prvInsertBlockIntoFreeList
                0x00000000f71f7864       0x52 gcc/heap_5.o

.text.vPortFree
                0x00000000f71f78b6       0x98
 .text.vPortFree
                0x00000000f71f78b6       0x98 gcc/heap_5.o
                0x00000000f71f78b6                vPortFree

.text.vPortDefineHeapRegions
                0x00000000f71f794e      0x178
 .text.vPortDefineHeapRegions
                0x00000000f71f794e      0x178 gcc/heap_5.o
                0x00000000f71f794e                vPortDefineHeapRegions

.text.pvPortMalloc
                0x00000000f71f7ac6      0x11e
 .text.pvPortMalloc
                0x00000000f71f7ac6      0x11e gcc/heap_5.o
                0x00000000f71f7ac6                pvPortMalloc

.text.xPortIsIsrContext
                0x00000000f71f7be4        0xa
 .text.xPortIsIsrContext
                0x00000000f71f7be4        0xa gcc/n200_func.o
                0x00000000f71f7be4                xPortIsIsrContext

.text.eclic_init
                0x00000000f71f7bee       0x3a
 .text.eclic_init
                0x00000000f71f7bee       0x3a gcc/interrupt_control.o
                0x00000000f71f7bee                eclic_init

.text.eclic_enable_interrupt
                0x00000000f71f7c28       0x12
 .text.eclic_enable_interrupt
                0x00000000f71f7c28       0x12 gcc/interrupt_control.o
                0x00000000f71f7c28                eclic_enable_interrupt

.text.eclic_set_intctrl
                0x00000000f71f7c3a       0x10
 .text.eclic_set_intctrl
                0x00000000f71f7c3a       0x10 gcc/interrupt_control.o
                0x00000000f71f7c3a                eclic_set_intctrl

.text.eclic_set_intattr
                0x00000000f71f7c4a       0x10
 .text.eclic_set_intattr
                0x00000000f71f7c4a       0x10 gcc/interrupt_control.o
                0x00000000f71f7c4a                eclic_set_intattr

.text.eclic_get_intattr
                0x00000000f71f7c5a       0x10
 .text.eclic_get_intattr
                0x00000000f71f7c5a       0x10 gcc/interrupt_control.o
                0x00000000f71f7c5a                eclic_get_intattr

.text.eclic_set_mth
                0x00000000f71f7c6a        0xa
 .text.eclic_set_mth
                0x00000000f71f7c6a        0xa gcc/interrupt_control.o
                0x00000000f71f7c6a                eclic_set_mth

.text.eclic_get_mth
                0x00000000f71f7c74        0xa
 .text.eclic_get_mth
                0x00000000f71f7c74        0xa gcc/interrupt_control.o
                0x00000000f71f7c74                eclic_get_mth

.text.eclic_set_nlbits
                0x00000000f71f7c7e       0x18
 .text.eclic_set_nlbits
                0x00000000f71f7c7e       0x18 gcc/interrupt_control.o
                0x00000000f71f7c7e                eclic_set_nlbits

.text.int_src_sel
                0x00000000f71f7c96       0x6c
 .text.int_src_sel
                0x00000000f71f7c96       0x6c gcc/interrupt_control.o
                0x00000000f71f7c96                int_src_sel

.text.int_src_clean
                0x00000000f71f7d02       0x4a
 .text.int_src_clean
                0x00000000f71f7d02       0x4a gcc/interrupt_control.o
                0x00000000f71f7d02                int_src_clean

.text.eclic_map_interrupt
                0x00000000f71f7d4c       0x44
 .text.eclic_map_interrupt
                0x00000000f71f7d4c       0x44 gcc/interrupt_control.o
                0x00000000f71f7d4c                eclic_map_interrupt

.text.RegisterIrq
                0x00000000f71f7d90       0xd0
 .text.RegisterIrq
                0x00000000f71f7d90       0xd0 gcc/interrupt_control.o
                0x00000000f71f7d90                RegisterIrq

.text.UnRegisterIrq
                0x00000000f71f7e60       0x8a
 .text.UnRegisterIrq
                0x00000000f71f7e60       0x8a gcc/interrupt_control.o
                0x00000000f71f7e60                UnRegisterIrq

.text.EnableIrq
                0x00000000f71f7eea       0x4a
 .text.EnableIrq
                0x00000000f71f7eea       0x4a gcc/interrupt_control.o
                0x00000000f71f7eea                EnableIrq

.text.DisableIrq
                0x00000000f71f7f34       0x46
 .text.DisableIrq
                0x00000000f71f7f34       0x46 gcc/interrupt_control.o
                0x00000000f71f7f34                DisableIrq

.text.ClearPendingIrq
                0x00000000f71f7f7a       0x4e
 .text.ClearPendingIrq
                0x00000000f71f7f7a       0x4e gcc/interrupt_control.o
                0x00000000f71f7f7a                ClearPendingIrq

.text.strlen    0x00000000f71f7fc8       0x1e
 .text.strlen   0x00000000f71f7fc8       0x1e gcc/util.o
                0x00000000f71f7fc8                strlen

.text.memcpy    0x00000000f71f7fe6       0x84
 .text.memcpy   0x00000000f71f7fe6       0x84 gcc/util.o
                0x00000000f71f7fe6                memcpy

.text.memset    0x00000000f71f806a       0x74
 .text.memset   0x00000000f71f806a       0x74 gcc/util.o
                0x00000000f71f806a                memset

.text.uint64divmod
                0x00000000f71f80de       0xc2
 .text.uint64divmod
                0x00000000f71f80de       0xc2 gcc/util.o
                0x00000000f71f80de                uint64divmod

.text.snprintf_addchar
                0x00000000f71f81a0       0x20
 .text.snprintf_addchar
                0x00000000f71f81a0       0x20 gcc/myprintf.o

.text.vfnprintf
                0x00000000f71f81c0      0x48e
 .text.vfnprintf
                0x00000000f71f81c0      0x48e gcc/myprintf.o
                0x00000000f71f81c0                vfnprintf

.text.iprintf   0x00000000f71f864e       0x66
 .text.iprintf  0x00000000f71f864e       0x66 gcc/myprintf.o
                0x00000000f71f864e                iprintf

.init           0x00000000f71f86b4       0x94
 .init          0x00000000f71f86b4       0x94 gcc/start.o
                0x00000000f71f86b4                _start
                0x00000000f71f8726                disable_mcycle_minstret
                0x00000000f71f872c                enable_mcycle_minstret
                0x00000000f71f8732                core_wfe

.text.vGpioKeyCallBack
                0x00000000f71f8748       0x3e
 .text.vGpioKeyCallBack
                0x00000000f71f8748       0x3e gcc/keypad.o

.text.vKeyPadInit
                0x00000000f71f8786       0x1a
 .text.vKeyPadInit
                0x00000000f71f8786       0x1a gcc/keypad.o
                0x00000000f71f8786                vKeyPadInit

.text.vKeyPadDeinit
                0x00000000f71f87a0       0x10
 .text.vKeyPadDeinit
                0x00000000f71f87a0       0x10 gcc/keypad.o
                0x00000000f71f87a0                vKeyPadDeinit

.text.Bt_IRQHandle
                0x00000000f71f87b0       0x5e
 .text.Bt_IRQHandle
                0x00000000f71f87b0       0x5e gcc/btwake.o

.text.Bt_GpioIRQRegister
                0x00000000f71f880e       0x36
 .text.Bt_GpioIRQRegister
                0x00000000f71f880e       0x36 gcc/btwake.o
                0x00000000f71f880e                Bt_GpioIRQRegister

.text.__udivdi3
                0x00000000f71f8844      0x4a0
 .text.__udivdi3
                0x00000000f71f8844      0x4a0 /opt/toolchains/xpack-riscv-none-embed-gcc-8.3.0-1.2/bin/../lib/gcc/riscv-none-embed/8.3.0/rv32im/ilp32/libgcc.a(_udivdi3.o)
                0x00000000f71f8844                __udivdi3

.rela.dyn       0x00000000f71f8ce4        0x0
 .rela.text.system_resume
                0x00000000f71f8ce4        0x0 gcc//wesion/users/hlm/A311D2-2/bootloader/uboot-repo/bl30/src_ao/demos/amlogic/driver/hdmirx/t7_common//hdmirx_wake.o
 .rela.text.system_suspend
                0x00000000f71f8ce4        0x0 gcc//wesion/users/hlm/A311D2-2/bootloader/uboot-repo/bl30/src_ao/demos/amlogic/driver/hdmirx/t7_common//hdmirx_wake.o
 .rela.text.xMboxSuspend_Sem
                0x00000000f71f8ce4        0x0 gcc//wesion/users/hlm/A311D2-2/bootloader/uboot-repo/bl30/src_ao/demos/amlogic/driver/hdmirx/t7_common//hdmirx_wake.o
 .rela.init     0x00000000f71f8ce4        0x0 gcc//wesion/users/hlm/A311D2-2/bootloader/uboot-repo/bl30/src_ao/demos/amlogic/driver/hdmirx/t7_common//hdmirx_wake.o

.data           0x00000000f71f8ce4        0x0
                0x00000000f71f8ce4                _data = .
 *(vtable)
 *(.data)
                0x00000000f71f8ce4                _edata = .

.data.cec_reg_tab
                0x00000000f71f8ce4       0x60
 .data.cec_reg_tab
                0x00000000f71f8ce4       0x60 gcc//wesion/users/hlm/A311D2-2/bootloader/uboot-repo/bl30/src_ao/demos/amlogic/driver/cec//hdmi_cec.o
                0x00000000f71f8ce4                cec_reg_tab

.sdata.cec_timeout_cnt.3457
                0x00000000f71f8d44        0x4
 .sdata.cec_timeout_cnt.3457
                0x00000000f71f8d44        0x4 gcc//wesion/users/hlm/A311D2-2/bootloader/uboot-repo/bl30/src_ao/demos/amlogic/driver/cec//hdmi_cec.o

.data.eeIRQs    0x00000000f71f8d48       0x60
 .data.eeIRQs   0x00000000f71f8d48       0x60 gcc//wesion/users/hlm/A311D2-2/bootloader/uboot-repo/bl30/src_ao/demos/amlogic/driver/gpio//gpio_t7_plat.o

.data.xNECLegacyRegList
                0x00000000f71f8da8       0x38
 .data.xNECLegacyRegList
                0x00000000f71f8da8       0x38 gcc//wesion/users/hlm/A311D2-2/bootloader/uboot-repo/bl30/src_ao/demos/amlogic/driver/ir//ir_regmap.o

.data.xNECRegList
                0x00000000f71f8de0       0x50
 .data.xNECRegList
                0x00000000f71f8de0       0x50 gcc//wesion/users/hlm/A311D2-2/bootloader/uboot-repo/bl30/src_ao/demos/amlogic/driver/ir//ir_regmap.o

.data.xSupportProtocol
                0x00000000f71f8e30        0xc
 .data.xSupportProtocol
                0x00000000f71f8e30        0xc gcc//wesion/users/hlm/A311D2-2/bootloader/uboot-repo/bl30/src_ao/demos/amlogic/driver/ir//ir_regmap.o

.sdata.xNECDecode
                0x00000000f71f8e3c        0x8
 .sdata.xNECDecode
                0x00000000f71f8e3c        0x8 gcc//wesion/users/hlm/A311D2-2/bootloader/uboot-repo/bl30/src_ao/demos/amlogic/driver/ir//ir_regmap.o

.sdata.xNECLegacyDecode
                0x00000000f71f8e44        0x8
 .sdata.xNECLegacyDecode
                0x00000000f71f8e44        0x8 gcc//wesion/users/hlm/A311D2-2/bootloader/uboot-repo/bl30/src_ao/demos/amlogic/driver/ir//ir_regmap.o

.data.vWakeupReason
                0x00000000f71f8e4c       0x3c
 .data.vWakeupReason
                0x00000000f71f8e4c       0x3c gcc//wesion/users/hlm/A311D2-2/bootloader/uboot-repo/bl30/src_ao/demos/amlogic/driver/str//suspend.o
                0x00000000f71f8e4c                vWakeupReason

.data.prvPowerKeyList
                0x00000000f71f8e88       0x38
 .data.prvPowerKeyList
                0x00000000f71f8e88       0x38 gcc/power.o

.sdata.MSTATUS_INIT
                0x00000000f71f8ec0        0x4
 .sdata.MSTATUS_INIT
                0x00000000f71f8ec0        0x4 gcc/port.o
                0x00000000f71f8ec0                MSTATUS_INIT

.sdata.uxCriticalNesting
                0x00000000f71f8ec4        0x4
 .sdata.uxCriticalNesting
                0x00000000f71f8ec4        0x4 gcc/port.o
                0x00000000f71f8ec4                uxCriticalNesting

.data.xDefRegion
                0x00000000f71f8ec8       0x10
 .data.xDefRegion
                0x00000000f71f8ec8       0x10 gcc/heap_5.o

.data.gpioKeyInfo
                0x00000000f71f8ed8       0x2c
 .data.gpioKeyInfo
                0x00000000f71f8ed8       0x2c gcc/keypad.o
                0x00000000f71f8ed8                gpioKeyInfo

.bss            0x00000000f71f8f04      0xa14
                0x00000000f71f8f04                _bss = .
 *(.sbss*)
 .sbss.DspmbHandler
                0x00000000f71f8f04        0x4 gcc//wesion/users/hlm/A311D2-2/bootloader/uboot-repo/bl30/src_ao/demos/amlogic/driver/mailbox//mailbox.o
                0x00000000f71f8f04                DspmbHandler
 .sbss.ReembHandler
                0x00000000f71f8f08        0x4 gcc//wesion/users/hlm/A311D2-2/bootloader/uboot-repo/bl30/src_ao/demos/amlogic/driver/mailbox//mailbox.o
                0x00000000f71f8f08                ReembHandler
 .sbss.TeembHandler
                0x00000000f71f8f0c        0x4 gcc//wesion/users/hlm/A311D2-2/bootloader/uboot-repo/bl30/src_ao/demos/amlogic/driver/mailbox//mailbox.o
                0x00000000f71f8f0c                TeembHandler
 .sbss.g_tbl_ao
                0x00000000f71f8f10        0x4 gcc//wesion/users/hlm/A311D2-2/bootloader/uboot-repo/bl30/src_ao/demos/amlogic/driver/mailbox//mailbox.o
                0x00000000f71f8f10                g_tbl_ao
 .sbss.ulDspSyncTaskWake
                0x00000000f71f8f14        0x4 gcc//wesion/users/hlm/A311D2-2/bootloader/uboot-repo/bl30/src_ao/demos/amlogic/driver/mailbox//mailbox.o
 .sbss.ulReeSyncTaskWake
                0x00000000f71f8f18        0x4 gcc//wesion/users/hlm/A311D2-2/bootloader/uboot-repo/bl30/src_ao/demos/amlogic/driver/mailbox//mailbox.o
 .sbss.ulTeeSyncTaskWake
                0x00000000f71f8f1c        0x4 gcc//wesion/users/hlm/A311D2-2/bootloader/uboot-repo/bl30/src_ao/demos/amlogic/driver/mailbox//mailbox.o
 .sbss.busy_count.3619
                0x00000000f71f8f20        0x4 gcc//wesion/users/hlm/A311D2-2/bootloader/uboot-repo/bl30/src_ao/demos/amlogic/driver/cec//hdmi_cec.o
 .sbss.cec_chip
                0x00000000f71f8f24        0x4 gcc//wesion/users/hlm/A311D2-2/bootloader/uboot-repo/bl30/src_ao/demos/amlogic/driver/cec//hdmi_cec.o
 .sbss.cec_ip   0x00000000f71f8f28        0x4 gcc//wesion/users/hlm/A311D2-2/bootloader/uboot-repo/bl30/src_ao/demos/amlogic/driver/cec//hdmi_cec.o
 .sbss.cec_wait_addr
                0x00000000f71f8f2c        0x4 gcc//wesion/users/hlm/A311D2-2/bootloader/uboot-repo/bl30/src_ao/demos/amlogic/driver/cec//hdmi_cec.o
 .sbss.cec_wakup
                0x00000000f71f8f30        0x4 gcc//wesion/users/hlm/A311D2-2/bootloader/uboot-repo/bl30/src_ao/demos/amlogic/driver/cec//hdmi_cec.o
 .sbss.cec_wakup_flag
                0x00000000f71f8f34        0x4 gcc//wesion/users/hlm/A311D2-2/bootloader/uboot-repo/bl30/src_ao/demos/amlogic/driver/cec//hdmi_cec.o
 .sbss.hdmi_cec_func_config
                0x00000000f71f8f38        0x1 gcc//wesion/users/hlm/A311D2-2/bootloader/uboot-repo/bl30/src_ao/demos/amlogic/driver/cec//hdmi_cec.o
 *fill*         0x00000000f71f8f39        0x3 
 .sbss.idle_cnt
                0x00000000f71f8f3c        0x4 gcc//wesion/users/hlm/A311D2-2/bootloader/uboot-repo/bl30/src_ao/demos/amlogic/driver/cec//hdmi_cec.o
 .sbss.idx.3642
                0x00000000f71f8f40        0x1 gcc//wesion/users/hlm/A311D2-2/bootloader/uboot-repo/bl30/src_ao/demos/amlogic/driver/cec//hdmi_cec.o
 *fill*         0x00000000f71f8f41        0x3 
 .sbss.ping_state
                0x00000000f71f8f44        0x4 gcc//wesion/users/hlm/A311D2-2/bootloader/uboot-repo/bl30/src_ao/demos/amlogic/driver/cec//hdmi_cec.o
 .sbss.probe    0x00000000f71f8f48        0x4 gcc//wesion/users/hlm/A311D2-2/bootloader/uboot-repo/bl30/src_ao/demos/amlogic/driver/cec//hdmi_cec.o
 .sbss.retry.3641
                0x00000000f71f8f4c        0x4 gcc//wesion/users/hlm/A311D2-2/bootloader/uboot-repo/bl30/src_ao/demos/amlogic/driver/cec//hdmi_cec.o
 .sbss.sub_idx.3643
                0x00000000f71f8f50        0x1 gcc//wesion/users/hlm/A311D2-2/bootloader/uboot-repo/bl30/src_ao/demos/amlogic/driver/cec//hdmi_cec.o
 *fill*         0x00000000f71f8f51        0x3 
 .sbss.last_time
                0x00000000f71f8f54        0x4 gcc//wesion/users/hlm/A311D2-2/bootloader/uboot-repo/bl30/src_ao/demos/amlogic/driver/vrtc//vrtc.o
 .sbss.time_start
                0x00000000f71f8f58        0x4 gcc//wesion/users/hlm/A311D2-2/bootloader/uboot-repo/bl30/src_ao/demos/amlogic/driver/vrtc//vrtc.o
 .sbss.xRTCTimer
                0x00000000f71f8f5c        0x4 gcc//wesion/users/hlm/A311D2-2/bootloader/uboot-repo/bl30/src_ao/demos/amlogic/driver/vrtc//vrtc.o
 .sbss.xGpioKeyCycleTimer
                0x00000000f71f8f60        0x4 gcc//wesion/users/hlm/A311D2-2/bootloader/uboot-repo/bl30/src_ao/demos/amlogic/driver/key//gpio_key.o
 .sbss.xHeadKey
                0x00000000f71f8f64        0x4 gcc//wesion/users/hlm/A311D2-2/bootloader/uboot-repo/bl30/src_ao/demos/amlogic/driver/key//gpio_key.o
 .sbss.power_mode
                0x00000000f71f8f68        0x4 gcc//wesion/users/hlm/A311D2-2/bootloader/uboot-repo/bl30/src_ao/demos/amlogic/driver/str//suspend.o
                0x00000000f71f8f68                power_mode
 .sbss.suspend_flag
                0x00000000f71f8f6c        0x4 gcc//wesion/users/hlm/A311D2-2/bootloader/uboot-repo/bl30/src_ao/demos/amlogic/driver/str//suspend.o
                0x00000000f71f8f6c                suspend_flag
 .sbss.xSTRQueue
                0x00000000f71f8f70        0x4 gcc//wesion/users/hlm/A311D2-2/bootloader/uboot-repo/bl30/src_ao/demos/amlogic/driver/str//suspend.o
                0x00000000f71f8f70                xSTRQueue
 .sbss.xSTRSemaphore
                0x00000000f71f8f74        0x4 gcc//wesion/users/hlm/A311D2-2/bootloader/uboot-repo/bl30/src_ao/demos/amlogic/driver/str//suspend.o
                0x00000000f71f8f74                xSTRSemaphore
 .sbss.xSoftTimer
                0x00000000f71f8f78        0x4 gcc/main.o
                0x00000000f71f8f78                xSoftTimer
 .sbss.cecTask  0x00000000f71f8f7c        0x4 gcc/power.o
 .sbss.pxCurrentTCB
                0x00000000f71f8f80        0x4 gcc/tasks.o
                0x00000000f71f8f80                pxCurrentTCB
 .sbss.pxDelayedTaskList
                0x00000000f71f8f84        0x4 gcc/tasks.o
 .sbss.pxOverflowDelayedTaskList
                0x00000000f71f8f88        0x4 gcc/tasks.o
 .sbss.uxCurrentNumberOfTasks
                0x00000000f71f8f8c        0x4 gcc/tasks.o
 .sbss.uxDeletedTasksWaitingCleanUp
                0x00000000f71f8f90        0x4 gcc/tasks.o
 .sbss.uxPendedTicks
                0x00000000f71f8f94        0x4 gcc/tasks.o
 .sbss.uxSchedulerSuspended
                0x00000000f71f8f98        0x4 gcc/tasks.o
 .sbss.uxTaskNumber
                0x00000000f71f8f9c        0x4 gcc/tasks.o
 .sbss.uxTopReadyPriority
                0x00000000f71f8fa0        0x4 gcc/tasks.o
 .sbss.xIdleTaskHandle
                0x00000000f71f8fa4        0x4 gcc/tasks.o
 .sbss.xNextTaskUnblockTime
                0x00000000f71f8fa8        0x4 gcc/tasks.o
 .sbss.xNumOfOverflows
                0x00000000f71f8fac        0x4 gcc/tasks.o
 .sbss.xSchedulerRunning
                0x00000000f71f8fb0        0x4 gcc/tasks.o
 .sbss.xTickCount
                0x00000000f71f8fb4        0x4 gcc/tasks.o
 .sbss.xYieldPending
                0x00000000f71f8fb8        0x4 gcc/tasks.o
 .sbss.pxCurrentTimerList
                0x00000000f71f8fbc        0x4 gcc/timers.o
 .sbss.pxOverflowTimerList
                0x00000000f71f8fc0        0x4 gcc/timers.o
 .sbss.xLastTime.2868
                0x00000000f71f8fc4        0x4 gcc/timers.o
 .sbss.xTimerQueue
                0x00000000f71f8fc8        0x4 gcc/timers.o
 .sbss.xTimerTaskHandle
                0x00000000f71f8fcc        0x4 gcc/timers.o
 .sbss.pxEnd    0x00000000f71f8fd0        0x4 gcc/heap_5.o
 .sbss.xBlockAllocatedBit
                0x00000000f71f8fd4        0x4 gcc/heap_5.o
 .sbss.xFreeBytesRemaining
                0x00000000f71f8fd8        0x4 gcc/heap_5.o
 .sbss.xMinimumEverFreeBytesRemaining
                0x00000000f71f8fdc        0x4 gcc/heap_5.o
 .sbss.xStart   0x00000000f71f8fe0        0x8 gcc/heap_5.o
 *(.gnu.linkonce.sb.*)
 *(.bss .bss.*)
 .bss.xMbHandlerTable
                0x00000000f71f8fe8      0x300 gcc//wesion/users/hlm/A311D2-2/bootloader/uboot-repo/bl30/src_ao/demos/amlogic/driver/mailbox//mailbox-irq.o
                0x00000000f71f8fe8                xMbHandlerTable
 .bss.syncDspMbInfo
                0x00000000f71f92e8       0x88 gcc//wesion/users/hlm/A311D2-2/bootloader/uboot-repo/bl30/src_ao/demos/amlogic/driver/mailbox//mailbox.o
                0x00000000f71f92e8                syncDspMbInfo
 .bss.syncReeMbInfo
                0x00000000f71f9370       0x88 gcc//wesion/users/hlm/A311D2-2/bootloader/uboot-repo/bl30/src_ao/demos/amlogic/driver/mailbox//mailbox.o
                0x00000000f71f9370                syncReeMbInfo
 .bss.syncTeeMbInfo
                0x00000000f71f93f8       0x88 gcc//wesion/users/hlm/A311D2-2/bootloader/uboot-repo/bl30/src_ao/demos/amlogic/driver/mailbox//mailbox.o
                0x00000000f71f93f8                syncTeeMbInfo
 .bss.cec_as_msg
                0x00000000f71f9480       0x11 gcc//wesion/users/hlm/A311D2-2/bootloader/uboot-repo/bl30/src_ao/demos/amlogic/driver/cec//hdmi_cec.o
 *fill*         0x00000000f71f9491        0x3 
 .bss.cec_mailbox
                0x00000000f71f9494       0x1c gcc//wesion/users/hlm/A311D2-2/bootloader/uboot-repo/bl30/src_ao/demos/amlogic/driver/cec//hdmi_cec.o
                0x00000000f71f9494                cec_mailbox
 .bss.cec_msg   0x00000000f71f94b0       0x29 gcc//wesion/users/hlm/A311D2-2/bootloader/uboot-repo/bl30/src_ao/demos/amlogic/driver/cec//hdmi_cec.o
 *fill*         0x00000000f71f94d9        0x3 
 .bss.cec_otp_msg
                0x00000000f71f94dc       0x11 gcc//wesion/users/hlm/A311D2-2/bootloader/uboot-repo/bl30/src_ao/demos/amlogic/driver/cec//hdmi_cec.o
 *fill*         0x00000000f71f94ed        0x3 
 .bss.cec_tx_msgs
                0x00000000f71f94f0       0x4a gcc//wesion/users/hlm/A311D2-2/bootloader/uboot-repo/bl30/src_ao/demos/amlogic/driver/cec//hdmi_cec.o
                0x00000000f71f94f0                cec_tx_msgs
 *fill*         0x00000000f71f953a        0x2 
 .bss.GpioIrqRegBackup
                0x00000000f71f953c       0x20 gcc//wesion/users/hlm/A311D2-2/bootloader/uboot-repo/bl30/src_ao/demos/amlogic/driver/gpio//gpio_irq.o
 .bss.xIRDrvPrvData
                0x00000000f71f955c       0x10 gcc//wesion/users/hlm/A311D2-2/bootloader/uboot-repo/bl30/src_ao/demos/amlogic/driver/ir//ir_regmap.o
 .bss.xQueueRegistry
                0x00000000f71f956c       0x50 gcc/queue.o
                0x00000000f71f956c                xQueueRegistry
 .bss.pxReadyTasksLists
                0x00000000f71f95bc       0x50 gcc/tasks.o
 .bss.xDelayedTaskList1
                0x00000000f71f960c       0x14 gcc/tasks.o
 .bss.xDelayedTaskList2
                0x00000000f71f9620       0x14 gcc/tasks.o
 .bss.xPendingReadyList
                0x00000000f71f9634       0x14 gcc/tasks.o
 .bss.xSuspendedTaskList
                0x00000000f71f9648       0x14 gcc/tasks.o
 .bss.xTasksWaitingTermination
                0x00000000f71f965c       0x14 gcc/tasks.o
 .bss.xActiveTimerList1
                0x00000000f71f9670       0x14 gcc/timers.o
 .bss.xActiveTimerList2
                0x00000000f71f9684       0x14 gcc/timers.o
 .bss.eclic_interrupt_inner
                0x00000000f71f9698       0x80 gcc/interrupt_control.o
                0x00000000f71f9698                eclic_interrupt_inner
 .bss.printbuffer
                0x00000000f71f9718      0x200 gcc/myprintf.o
 *(.gnu.linkonce.b.*)
                0x00000000f71f9918                . = ALIGN (0x4)
                0x00000000f71f9918                _ebss = .

.stack          0x00000000f71f9918      0xae8
                [!provide]                        PROVIDE (_heap_end = .)
                0x00000000f71f9c00                . = ALIGN (0x400)
 *fill*         0x00000000f71f9918      0x2e8 
                0x00000000f71fa400                . = (. + __stack_size)
 *fill*         0x00000000f71f9c00      0x800 
                0x00000000f71fa400                PROVIDE (_sp = .)
OUTPUT(gcc/RTOSDemo.axf elf32-littleriscv)

.debug_info     0x0000000000000000    0x28b45
 .debug_info    0x0000000000000000      0xdc3 gcc//wesion/users/hlm/A311D2-2/bootloader/uboot-repo/bl30/src_ao/demos/amlogic/driver/hdmirx/t7_common//hdmirx_wake.o
 .debug_info    0x0000000000000dc3      0xe01 gcc//wesion/users/hlm/A311D2-2/bootloader/uboot-repo/bl30/src_ao/demos/amlogic/driver/mailbox//mailbox-htbl.o
 .debug_info    0x0000000000001bc4      0xba3 gcc//wesion/users/hlm/A311D2-2/bootloader/uboot-repo/bl30/src_ao/demos/amlogic/driver/mailbox//mailbox-irq.o
 .debug_info    0x0000000000002767     0x1d66 gcc//wesion/users/hlm/A311D2-2/bootloader/uboot-repo/bl30/src_ao/demos/amlogic/driver/mailbox//mailbox.o
 .debug_info    0x00000000000044cd      0xd10 gcc//wesion/users/hlm/A311D2-2/bootloader/uboot-repo/bl30/src_ao/demos/amlogic/driver/mailbox//rpc-user.o
 .debug_info    0x00000000000051dd      0xa52 gcc//wesion/users/hlm/A311D2-2/bootloader/uboot-repo/bl30/src_ao/demos/amlogic/driver/uart//uart.o
 .debug_info    0x0000000000005c2f      0xb49 gcc//wesion/users/hlm/A311D2-2/bootloader/uboot-repo/bl30/src_ao/demos/amlogic/driver/timer_source//timer_source.o
 .debug_info    0x0000000000006778     0x4f49 gcc//wesion/users/hlm/A311D2-2/bootloader/uboot-repo/bl30/src_ao/demos/amlogic/driver/cec//hdmi_cec.o
 .debug_info    0x000000000000b6c1      0xee0 gcc//wesion/users/hlm/A311D2-2/bootloader/uboot-repo/bl30/src_ao/demos/amlogic/driver/vrtc//vrtc.o
 .debug_info    0x000000000000c5a1     0x10ed gcc//wesion/users/hlm/A311D2-2/bootloader/uboot-repo/bl30/src_ao/demos/amlogic/driver/key//gpio_key.o
 .debug_info    0x000000000000d68e     0x18ec gcc//wesion/users/hlm/A311D2-2/bootloader/uboot-repo/bl30/src_ao/demos/amlogic/driver/gpio//gpio.o
 .debug_info    0x000000000000ef7a      0xf5d gcc//wesion/users/hlm/A311D2-2/bootloader/uboot-repo/bl30/src_ao/demos/amlogic/driver/gpio//gpio_irq.o
 .debug_info    0x000000000000fed7      0xdb8 gcc//wesion/users/hlm/A311D2-2/bootloader/uboot-repo/bl30/src_ao/demos/amlogic/driver/gpio//gpio_t7_plat.o
 .debug_info    0x0000000000010c8f     0x169a gcc//wesion/users/hlm/A311D2-2/bootloader/uboot-repo/bl30/src_ao/demos/amlogic/driver/ir//ir.o
 .debug_info    0x0000000000012329      0xc6d gcc//wesion/users/hlm/A311D2-2/bootloader/uboot-repo/bl30/src_ao/demos/amlogic/driver/ir//ir_regmap.o
 .debug_info    0x0000000000012f96      0x986 gcc//wesion/users/hlm/A311D2-2/bootloader/uboot-repo/bl30/src_ao/demos/amlogic/driver/get_version//version.o
 .debug_info    0x000000000001391c     0x147a gcc//wesion/users/hlm/A311D2-2/bootloader/uboot-repo/bl30/src_ao/demos/amlogic/driver/str//suspend.o
 .debug_info    0x0000000000014d96      0xec0 gcc/main.o
 .debug_info    0x0000000000015c56      0xffa gcc/power.o
 .debug_info    0x0000000000016c50      0xb93 gcc/list.o
 .debug_info    0x00000000000177e3     0x2de5 gcc/queue.o
 .debug_info    0x000000000001a5c8     0x3e4e gcc/tasks.o
 .debug_info    0x000000000001e416     0x1f37 gcc/timers.o
 .debug_info    0x000000000002034d     0x119b gcc/port.o
 .debug_info    0x00000000000214e8       0x26 gcc/portasm.o
 .debug_info    0x000000000002150e     0x1036 gcc/heap_5.o
 .debug_info    0x0000000000022544      0xdf2 gcc/n200_func.o
 .debug_info    0x0000000000023336     0x1a23 gcc/interrupt_control.o
 .debug_info    0x0000000000024d59     0x1393 gcc/util.o